Component: ARM Compiler 5.06 update 6 (build 750) Tool: armlink [4d35ed]

==============================================================================

Section Cross References

    startup_stm32h743xx.o(RESET) refers to startup_stm32h743xx.o(STACK) for __initial_sp
    startup_stm32h743xx.o(RESET) refers to startup_stm32h743xx.o(.text) for Reset_Handler
    startup_stm32h743xx.o(RESET) refers to stm32h7xx_it.o(i.NMI_Handler) for NMI_Handler
    startup_stm32h743xx.o(RESET) refers to stm32h7xx_it.o(i.HardFault_Handler) for HardFault_Handler
    startup_stm32h743xx.o(RESET) refers to stm32h7xx_it.o(i.MemManage_Handler) for MemManage_Handler
    startup_stm32h743xx.o(RESET) refers to stm32h7xx_it.o(i.BusFault_Handler) for BusFault_Handler
    startup_stm32h743xx.o(RESET) refers to stm32h7xx_it.o(i.UsageFault_Handler) for UsageFault_Handler
    startup_stm32h743xx.o(RESET) refers to stm32h7xx_it.o(i.SVC_Handler) for SVC_Handler
    startup_stm32h743xx.o(RESET) refers to stm32h7xx_it.o(i.DebugMon_Handler) for DebugMon_Handler
    startup_stm32h743xx.o(RESET) refers to stm32h7xx_it.o(i.PendSV_Handler) for PendSV_Handler
    startup_stm32h743xx.o(RESET) refers to stm32h7xx_it.o(i.SysTick_Handler) for SysTick_Handler
    startup_stm32h743xx.o(RESET) refers to stm32h7xx_it.o(i.ADC_IRQHandler) for ADC_IRQHandler
    startup_stm32h743xx.o(RESET) refers to stm32h7xx_it.o(i.DMA2_Stream4_IRQHandler) for DMA2_Stream4_IRQHandler
    startup_stm32h743xx.o(.text) refers to system_stm32h7xx.o(i.ExitRun0Mode) for ExitRun0Mode
    startup_stm32h743xx.o(.text) refers to system_stm32h7xx.o(i.SystemInit) for SystemInit
    startup_stm32h743xx.o(.text) refers to entry.o(.ARM.Collect$$$$00000000) for __main
    main.o(i.PeriphCommonClock_Config) refers to memseta.o(.text) for __aeabi_memclr4
    main.o(i.PeriphCommonClock_Config) refers to stm32h7xx_hal_rcc_ex.o(i.HAL_RCCEx_PeriphCLKConfig) for HAL_RCCEx_PeriphCLKConfig
    main.o(i.SystemClock_Config) refers to memseta.o(.text) for __aeabi_memclr4
    main.o(i.SystemClock_Config) refers to stm32h7xx_hal_pwr_ex.o(i.HAL_PWREx_ConfigSupply) for HAL_PWREx_ConfigSupply
    main.o(i.SystemClock_Config) refers to stm32h7xx_hal_rcc.o(i.HAL_RCC_OscConfig) for HAL_RCC_OscConfig
    main.o(i.SystemClock_Config) refers to stm32h7xx_hal_rcc.o(i.HAL_RCC_ClockConfig) for HAL_RCC_ClockConfig
    main.o(i.main) refers to stm32h7xx_hal_cortex.o(i.HAL_MPU_Disable) for HAL_MPU_Disable
    main.o(i.main) refers to stm32h7xx_hal_cortex.o(i.HAL_MPU_ConfigRegion) for HAL_MPU_ConfigRegion
    main.o(i.main) refers to stm32h7xx_hal_cortex.o(i.HAL_MPU_Enable) for HAL_MPU_Enable
    main.o(i.main) refers to stm32h7xx_hal.o(i.HAL_Init) for HAL_Init
    main.o(i.main) refers to main.o(i.SystemClock_Config) for SystemClock_Config
    main.o(i.main) refers to main.o(i.PeriphCommonClock_Config) for PeriphCommonClock_Config
    main.o(i.main) refers to gpio.o(i.MX_GPIO_Init) for MX_GPIO_Init
    main.o(i.main) refers to dma.o(i.MX_DMA_Init) for MX_DMA_Init
    main.o(i.main) refers to usart.o(i.MX_USART1_UART_Init) for MX_USART1_UART_Init
    main.o(i.main) refers to adc.o(i.MX_ADC1_Init) for MX_ADC1_Init
    main.o(i.main) refers to spi.o(i.MX_SPI1_Init) for MX_SPI1_Init
    main.o(i.main) refers to spi.o(i.MX_SPI2_Init) for MX_SPI2_Init
    main.o(i.main) refers to adc.o(i.MX_ADC3_Init) for MX_ADC3_Init
    main.o(i.main) refers to tjc_usart.o(i.Serial_TJC_SendTxt) for Serial_TJC_SendTxt
    main.o(i.main) refers to ad9959.o(i.Write_frequency) for Write_frequency
    main.o(i.main) refers to ad9959.o(i.Write_Amplitude) for Write_Amplitude
    main.o(i.main) refers to ad9959.o(i.Channel_Select) for Channel_Select
    main.o(i.main) refers to ad9959.o(i.Get_Frequency) for Get_Frequency
    main.o(i.main) refers to ad9959.o(i.Get_Amplitude) for Get_Amplitude
    main.o(i.main) refers to adc.o(i.show_GPU_temprature) for show_GPU_temprature
    main.o(i.main) refers to adc.o(i.ShowADCResult) for ShowADCResult
    main.o(i.main) refers to stm32h7xx_hal.o(i.HAL_Delay) for HAL_Delay
    main.o(i.main) refers to stm32h7xx_hal.o(.data) for uwTick
    main.o(i.main) refers to main.o(.data) for .data
    gpio.o(i.MX_GPIO_Init) refers to memseta.o(.text) for __aeabi_memclr4
    gpio.o(i.MX_GPIO_Init) refers to stm32h7xx_hal_gpio.o(i.HAL_GPIO_WritePin) for HAL_GPIO_WritePin
    gpio.o(i.MX_GPIO_Init) refers to stm32h7xx_hal_gpio.o(i.HAL_GPIO_Init) for HAL_GPIO_Init
    gpio.o(i.MX_GPIO_Init) refers to stm32h7xx_hal.o(i.HAL_SYSCFG_AnalogSwitchConfig) for HAL_SYSCFG_AnalogSwitchConfig
    adc.o(i.HAL_ADC_MspDeInit) refers to stm32h7xx_hal_gpio.o(i.HAL_GPIO_DeInit) for HAL_GPIO_DeInit
    adc.o(i.HAL_ADC_MspDeInit) refers to stm32h7xx_hal_dma.o(i.HAL_DMA_DeInit) for HAL_DMA_DeInit
    adc.o(i.HAL_ADC_MspDeInit) refers to stm32h7xx_hal_cortex.o(i.HAL_NVIC_DisableIRQ) for HAL_NVIC_DisableIRQ
    adc.o(i.HAL_ADC_MspInit) refers to memseta.o(.text) for __aeabi_memclr4
[...]
    ../Drivers/STM32H7xx_HAL_Driver/Src/stm32h7xx_hal_mdma.c 0x00000000   Number         0  stm32h7xx_hal_mdma.o ABSOLUTE
    ../Drivers/STM32H7xx_HAL_Driver/Src/stm32h7xx_hal_pwr.c 0x00000000   Number         0  stm32h7xx_hal_pwr.o ABSOLUTE
    ../Drivers/STM32H7xx_HAL_Driver/Src/stm32h7xx_hal_pwr_ex.c 0x00000000   Number         0  stm32h7xx_hal_pwr_ex.o ABSOLUTE
    ../Drivers/STM32H7xx_HAL_Driver/Src/stm32h7xx_hal_rcc.c 0x00000000   Number         0  stm32h7xx_hal_rcc.o ABSOLUTE
    ../Drivers/STM32H7xx_HAL_Driver/Src/stm32h7xx_hal_rcc_ex.c 0x00000000   Number         0  stm32h7xx_hal_rcc_ex.o ABSOLUTE
    ../Drivers/STM32H7xx_HAL_Driver/Src/stm32h7xx_hal_spi.c 0x00000000   Number         0  stm32h7xx_hal_spi.o ABSOLUTE
    ../Drivers/STM32H7xx_HAL_Driver/Src/stm32h7xx_hal_spi_ex.c 0x00000000   Number         0  stm32h7xx_hal_spi_ex.o ABSOLUTE
    ../Drivers/STM32H7xx_HAL_Driver/Src/stm32h7xx_hal_uart.c 0x00000000   Number         0  stm32h7xx_hal_uart.o ABSOLUTE
    ../Drivers/STM32H7xx_HAL_Driver/Src/stm32h7xx_hal_uart_ex.c 0x00000000   Number         0  stm32h7xx_hal_uart_ex.o ABSOLUTE
    ../clib/../cmprslib/zerorunl2.c          0x00000000   Number         0  __dczerorl2.o ABSOLUTE
    ../clib/microlib/division.c              0x00000000   Number         0  uldiv.o ABSOLUTE
    ../clib/microlib/division.c              0x00000000   Number         0  uidiv.o ABSOLUTE
    ../clib/microlib/init/entry.s            0x00000000   Number         0  entry7a.o ABSOLUTE
    ../clib/microlib/init/entry.s            0x00000000   Number         0  entry9a.o ABSOLUTE
    ../clib/microlib/init/entry.s            0x00000000   Number         0  entry11b.o ABSOLUTE
    ../clib/microlib/init/entry.s            0x00000000   Number         0  entry11a.o ABSOLUTE
    ../clib/microlib/init/entry.s            0x00000000   Number         0  entry10b.o ABSOLUTE
    ../clib/microlib/init/entry.s            0x00000000   Number         0  entry2.o ABSOLUTE
    ../clib/microlib/init/entry.s            0x00000000   Number         0  entry5.o ABSOLUTE
    ../clib/microlib/init/entry.s            0x00000000   Number         0  entry10a.o ABSOLUTE
    ../clib/microlib/init/entry.s            0x00000000   Number         0  entry9b.o ABSOLUTE
    ../clib/microlib/init/entry.s            0x00000000   Number         0  entry8b.o ABSOLUTE
    ../clib/microlib/init/entry.s            0x00000000   Number         0  entry8a.o ABSOLUTE
    ../clib/microlib/init/entry.s            0x00000000   Number         0  entry.o ABSOLUTE
    ../clib/microlib/init/entry.s            0x00000000   Number         0  entry7b.o ABSOLUTE
    ../clib/microlib/longlong.c              0x00000000   Number         0  llsshr.o ABSOLUTE
    ../clib/microlib/longlong.c              0x00000000   Number         0  llushr.o ABSOLUTE
    ../clib/microlib/longlong.c              0x00000000   Number         0  llshl.o ABSOLUTE
    ../clib/microlib/printf/printf.c         0x00000000   Number         0  printfa.o ABSOLUTE
    ../clib/microlib/stdio/streams.c         0x00000000   Number         0  stdout.o ABSOLUTE
    ../clib/microlib/string/memset.c         0x00000000   Number         0  memseta.o ABSOLUTE
    ../clib/microlib/stubs.s                 0x00000000   Number         0  iusefp.o ABSOLUTE
    ../fplib/microlib/fpadd.c                0x00000000   Number         0  dadd.o ABSOLUTE
    ../fplib/microlib/fpdiv.c                0x00000000   Number         0  ddiv.o ABSOLUTE
    ../fplib/microlib/fpepilogue.c           0x00000000   Number         0  depilogue.o ABSOLUTE
    ../fplib/microlib/fpfix.c                0x00000000   Number         0  dfixul.o ABSOLUTE
    ../fplib/microlib/fpmul.c                0x00000000   Number         0  dmul.o ABSOLUTE
    ..\Core\Src\adc.c                        0x00000000   Number         0  adc.o ABSOLUTE
    ..\Core\Src\dma.c                        0x00000000   Number         0  dma.o ABSOLUTE
    ..\Core\Src\gpio.c                       0x00000000   Number         0  gpio.o ABSOLUTE
    ..\Core\Src\main.c                       0x00000000   Number         0  main.o ABSOLUTE
    ..\Core\Src\memorymap.c                  0x00000000   Number         0  memorymap.o ABSOLUTE
    ..\Core\Src\spi.c                        0x00000000   Number         0  spi.o ABSOLUTE
    ..\Core\Src\stm32h7xx_hal_msp.c          0x00000000   Number         0  stm32h7xx_hal_msp.o ABSOLUTE
    ..\Core\Src\stm32h7xx_it.c               0x00000000   Number         0  stm32h7xx_it.o ABSOLUTE
    ..\Core\Src\system_stm32h7xx.c           0x00000000   Number         0  system_stm32h7xx.o ABSOLUTE
    ..\Core\Src\usart.c                      0x00000000   Number         0  usart.o ABSOLUTE
    ..\Drivers\STM32H7xx_HAL_Driver\Src\stm32h7xx_hal.c 0x00000000   Number         0  stm32h7xx_hal.o ABSOLUTE
    ..\Drivers\STM32H7xx_HAL_Driver\Src\stm32h7xx_hal_adc.c 0x00000000   Number         0  stm32h7xx_hal_adc.o ABSOLUTE
    ..\Drivers\STM32H7xx_HAL_Driver\Src\stm32h7xx_hal_adc_ex.c 0x00000000   Number         0  stm32h7xx_hal_adc_ex.o ABSOLUTE
    ..\Drivers\STM32H7xx_HAL_Driver\Src\stm32h7xx_hal_cortex.c 0x00000000   Number         0  stm32h7xx_hal_cortex.o ABSOLUTE
    ..\Drivers\STM32H7xx_HAL_Driver\Src\stm32h7xx_hal_dma.c 0x00000000   Number         0  stm32h7xx_hal_dma.o ABSOLUTE
    ..\Drivers\STM32H7xx_HAL_Driver\Src\stm32h7xx_hal_dma_ex.c 0x00000000   Number         0  stm32h7xx_hal_dma_ex.o ABSOLUTE
    ..\Drivers\STM32H7xx_HAL_Driver\Src\stm32h7xx_hal_exti.c 0x00000000   Number         0  stm32h7xx_hal_exti.o ABSOLUTE
    ..\Drivers\STM32H7xx_HAL_Driver\Src\stm32h7xx_hal_flash.c 0x00000000   Number         0  stm32h7xx_hal_flash.o ABSOLUTE
    ..\Drivers\STM32H7xx_HAL_Driver\Src\stm32h7xx_hal_flash_ex.c 0x00000000   Number         0  stm32h7xx_hal_flash_ex.o ABSOLUTE
    ..\Drivers\STM32H7xx_HAL_Driver\Src\stm32h7xx_hal_gpio.c 0x00000000   Number         0  stm32h7xx_hal_gpio.o ABSOLUTE
    ..\Drivers\STM32H7xx_HAL_Driver\Src\stm32h7xx_hal_hsem.c 0x00000000   Number         0  stm32h7xx_hal_hsem.o ABSOLUTE
    ..\Drivers\STM32H7xx_HAL_Driver\Src\stm32h7xx_hal_i2c.c 0x00000000   Number         0  stm32h7xx_hal_i2c.o ABSOLUTE
    ..\Drivers\STM32H7xx_HAL_Driver\Src\stm32h7xx_hal_i2c_ex.c 0x00000000   Number         0  stm32h7xx_hal_i2c_ex.o ABSOLUTE
    ..\Drivers\STM32H7xx_HAL_Driver\Src\stm32h7xx_hal_mdma.c 0x00000000   Number         0  stm32h7xx_hal_mdma.o ABSOLUTE
    ..\Drivers\STM32H7xx_HAL_Driver\Src\stm32h7xx_hal_pwr.c 0x00000000   Number         0  stm32h7xx_hal_pwr.o ABSOLUTE
    ..\Drivers\STM32H7xx_HAL_Driver\Src\stm32h7xx_hal_pwr_ex.c 0x00000000   Number         0  stm32h7xx_hal_pwr_ex.o ABSOLUTE
    ..\Drivers\STM32H7xx_HAL_Driver\Src\stm32h7xx_hal_rcc.c 0x00000000   Number         0  stm32h7xx_hal_rcc.o ABSOLUTE
    ..\Drivers\STM32H7xx_HAL_Driver\Src\stm32h7xx_hal_rcc_ex.c 0x00000000   Number         0  stm32h7xx_hal_rcc_ex.o ABSOLUTE
    ..\Drivers\STM32H7xx_HAL_Driver\Src\stm32h7xx_hal_spi.c 0x00000000   Number         0  stm32h7xx_hal_spi.o ABSOLUTE
    ..\Drivers\STM32H7xx_HAL_Driver\Src\stm32h7xx_hal_spi_ex.c 0x00000000   Number         0  stm32h7xx_hal_spi_ex.o ABSOLUTE
    ..\Drivers\STM32H7xx_HAL_Driver\Src\stm32h7xx_hal_uart.c 0x00000000   Number         0  stm32h7xx_hal_uart.o ABSOLUTE
    ..\Drivers\STM32H7xx_HAL_Driver\Src\stm32h7xx_hal_uart_ex.c 0x00000000   Number         0  stm32h7xx_hal_uart_ex.o ABSOLUTE
    ..\Hardware\ADS9959\ad9959.c             0x00000000   Number         0  ad9959.o ABSOLUTE
    ..\Hardware\FPGA\FPGA_commute.c          0x00000000   Number         0  fpga_commute.o ABSOLUTE
    ..\Hardware\Judge\judge.c                0x00000000   Number         0  judge.o ABSOLUTE
    ..\Hardware\TFTLCD\tft_lcd.c             0x00000000   Number         0  tft_lcd.o ABSOLUTE
    ..\Hardware\TFTLCD\tft_lcd_init.c        0x00000000   Number         0  tft_lcd_init.o ABSOLUTE
    ..\Hardware\TJC_Usart\TJC_Usart.c        0x00000000   Number         0  tjc_usart.o ABSOLUTE
    ..\Hardware\delay\delay.c                0x00000000   Number         0  delay.o ABSOLUTE
    ..\\Hardware\\ADS9959\\ad9959.c          0x00000000   Number         0  ad9959.o ABSOLUTE
    ..\\Hardware\\FPGA\\FPGA_commute.c       0x00000000   Number         0  fpga_commute.o ABSOLUTE
    ..\\Hardware\\Judge\\judge.c             0x00000000   Number         0  judge.o ABSOLUTE
    ..\\Hardware\\TJC_Usart\\TJC_Usart.c     0x00000000   Number         0  tjc_usart.o ABSOLUTE
    ..\\Hardware\\delay\\delay.c             0x00000000   Number         0  delay.o ABSOLUTE
    cdrcmple.s                               0x00000000   Number         0  cdrcmple.o ABSOLUTE
    dc.s                                     0x00000000   Number         0  dc.o ABSOLUTE
    handlers.s                               0x00000000   Number         0  handlers.o ABSOLUTE
    init.s                                   0x00000000   Number         0  init.o ABSOLUTE
    startup_stm32h743xx.s                    0x00000000   Number         0  startup_stm32h743xx.o ABSOLUTE
    RESET                                    0x08000000   Section      664  startup_stm32h743xx.o(RESET)
    .ARM.Collect$$$$00000000                 0x08000298   Section        0  entry.o(.ARM.Collect$$$$00000000)
    .ARM.Collect$$$$00000001                 0x08000298   Section        4  entry2.o(.ARM.Collect$$$$00000001)
    .ARM.Collect$$$$00000004                 0x0800029c   Section        4  entry5.o(.ARM.Collect$$$$00000004)
    .ARM.Collect$$$$00000008                 0x080002a0   Section        0  entry7b.o(.ARM.Collect$$$$00000008)
    .ARM.Collect$$$$0000000A                 0x080002a0   Section        0  entry8b.o(.ARM.Collect$$$$0000000A)
    .ARM.Collect$$$$0000000B                 0x080002a0   Section        8  entry9a.o(.ARM.Collect$$$$0000000B)
    .ARM.Collect$$$$0000000D                 0x080002a8   Section        0  entry10a.o(.ARM.Collect$$$$0000000D)
    .ARM.Collect$$$$0000000F                 0x080002a8   Section        0  entry11a.o(.ARM.Collect$$$$0000000F)
    .ARM.Collect$$$$00002712                 0x080002a8   Section        4  entry2.o(.ARM.Collect$$$$00002712)
    __lit__00000000                          0x080002a8   Data           4  entry2.o(.ARM.Collect$$$$00002712)
    .text                                    0x080002ac   Section       44  startup_stm32h743xx.o(.text)
    $v0                                      0x080002ac   Number         0  startup_stm32h743xx.o(.text)
    .text                                    0x080002d8   Section        0  uldiv.o(.text)
    .text                                    0x0800033a   Section        0  memseta.o(.text)
    .text                                    0x0800035e   Section        0  uidiv.o(.text)
    .text                                    0x0800038a   Section        0  llshl.o(.text)
    .text                                    0x080003a8   Section        0  llushr.o(.text)
    .text                                    0x080003c8   Section        0  iusefp.o(.text)
    .text                                    0x080003c8   Section        0  dadd.o(.text)
    .text                                    0x08000516   Section        0  dmul.o(.text)
    .text                                    0x080005fa   Section        0  ddiv.o(.text)
    .text                                    0x080006d8   Section        0  dfixul.o(.text)
    .text                                    0x08000708   Section       48  cdrcmple.o(.text)
    .text                                    0x08000738   Section       36  init.o(.text)
    .text                                    0x0800075c   Section        0  llsshr.o(.text)
    .text                                    0x08000780   Section        0  depilogue.o(.text)
    .text                                    0x0800083a   Section        0  __dczerorl2.o(.text)
    i.AD9959_error                           0x08000890   Section        0  ad9959.o(i.AD9959_error)
    i.ADC_ConfigureBoostMode                 0x080008a8   Section        0  stm32h7xx_hal_adc.o(i.ADC_ConfigureBoostMode)
    i.ADC_DMAConvCplt                        0x080009b0   Section        0  stm32h7xx_hal_adc.o(i.ADC_DMAConvCplt)
    i.ADC_DMAError                           0x08000a18   Section        0  stm32h7xx_hal_adc.o(i.ADC_DMAError)
    i.ADC_DMAHalfConvCplt                    0x08000a32   Section        0  stm32h7xx_hal_adc.o(i.ADC_DMAHalfConvCplt)
    i.ADC_Disable                            0x08000a3c   Section        0  stm32h7xx_hal_adc.o(i.ADC_Disable)
    i.ADC_Enable                             0x08000aac   Section        0  stm32h7xx_hal_adc.o(i.ADC_Enable)
    i.ADC_IRQHandler                         0x08000b54   Section        0  stm32h7xx_it.o(i.ADC_IRQHandler)
    i.BusFault_Handler                       0x08000b60   Section        0  stm32h7xx_it.o(i.BusFault_Handler)
    i.Channel_Select                         0x08000b64   Section        0  ad9959.o(i.Channel_Select)
    i.DMA2_Stream4_IRQHandler                0x08000b80   Section        0  stm32h7xx_it.o(i.DMA2_Stream4_IRQHandler)
    i.DMA_CalcBaseAndBitshift                0x08000b8c   Section        0  stm32h7xx_hal_dma.o(i.DMA_CalcBaseAndBitshift)
    DMA_CalcBaseAndBitshift                  0x08000b8d   Thumb Code   168  stm32h7xx_hal_dma.o(i.DMA_CalcBaseAndBitshift)
    i.DMA_CalcDMAMUXChannelBaseAndMask       0x08000c40   Section        0  stm32h7xx_hal_dma.o(i.DMA_CalcDMAMUXChannelBaseAndMask)
    DMA_CalcDMAMUXChannelBaseAndMask         0x08000c41   Thumb Code   138  stm32h7xx_hal_dma.o(i.DMA_CalcDMAMUXChannelBaseAndMask)
    i.DMA_CalcDMAMUXRequestGenBaseAndMask    0x08000cdc   Section        0  stm32h7xx_hal_dma.o(i.DMA_CalcDMAMUXRequestGenBaseAndMask)
    DMA_CalcDMAMUXRequestGenBaseAndMask      0x08000cdd   Thumb Code   104  stm32h7xx_hal_dma.o(i.DMA_CalcDMAMUXRequestGenBaseAndMask)
    i.DMA_CheckFifoParam                     0x08000d50   Section        0  stm32h7xx_hal_dma.o(i.DMA_CheckFifoParam)
    DMA_CheckFifoParam                       0x08000d51   Thumb Code    84  stm32h7xx_hal_dma.o(i.DMA_CheckFifoParam)
    i.DMA_SetConfig                          0x08000da4   Section        0  stm32h7xx_hal_dma.o(i.DMA_SetConfig)
    DMA_SetConfig                            0x08000da5   Thumb Code   518  stm32h7xx_hal_dma.o(i.DMA_SetConfig)
    i.DebugMon_Handler                       0x08000fc4   Section        0  stm32h7xx_it.o(i.DebugMon_Handler)
    i.Error_Handler                          0x08000fc6   Section        0  main.o(i.Error_Handler)
    i.ExitRun0Mode                           0x08000fcc   Section        0  system_stm32h7xx.o(i.ExitRun0Mode)
    i.Get_Amplitude                          0x08000fe8   Section        0  ad9959.o(i.Get_Amplitude)
    i.Get_Frequency                          0x08001000   Section        0  ad9959.o(i.Get_Frequency)
    i.HAL_ADCEx_Calibration_Start            0x08001048   Section        0  stm32h7xx_hal_adc_ex.o(i.HAL_ADCEx_Calibration_Start)
    i.HAL_ADCEx_EndOfSamplingCallback        0x080010e4   Section        0  stm32h7xx_hal_adc_ex.o(i.HAL_ADCEx_EndOfSamplingCallback)
    i.HAL_ADCEx_InjectedConvCpltCallback     0x080010e6   Section        0  stm32h7xx_hal_adc_ex.o(i.HAL_ADCEx_InjectedConvCpltCallback)
    i.HAL_ADCEx_InjectedQueueOverflowCallback 0x080010e8   Section        0  stm32h7xx_hal_adc_ex.o(i.HAL_ADCEx_InjectedQueueOverflowCallback)
    i.HAL_ADCEx_LevelOutOfWindow2Callback    0x080010ea   Section        0  stm32h7xx_hal_adc_ex.o(i.HAL_ADCEx_LevelOutOfWindow2Callback)
    i.HAL_ADCEx_LevelOutOfWindow3Callback    0x080010ec   Section        0  stm32h7xx_hal_adc_ex.o(i.HAL_ADCEx_LevelOutOfWindow3Callback)
    i.HAL_ADCEx_MultiModeConfigChannel       0x080010f0   Section        0  stm32h7xx_hal_adc_ex.o(i.HAL_ADCEx_MultiModeConfigChannel)
    i.HAL_ADC_ConfigChannel                  0x08001218   Section        0  stm32h7xx_hal_adc.o(i.HAL_ADC_ConfigChannel)
    i.HAL_ADC_ConvCpltCallback               0x08001638   Section        0  stm32h7xx_hal_adc.o(i.HAL_ADC_ConvCpltCallback)
    i.HAL_ADC_ConvHalfCpltCallback           0x0800163a   Section        0  stm32h7xx_hal_adc.o(i.HAL_ADC_ConvHalfCpltCallback)
    i.HAL_ADC_ErrorCallback                  0x0800163c   Section        0  stm32h7xx_hal_adc.o(i.HAL_ADC_ErrorCallback)
    i.HAL_ADC_GetValue                       0x0800163e   Section        0  stm32h7xx_hal_adc.o(i.HAL_ADC_GetValue)
    i.HAL_ADC_IRQHandler                     0x08001644   Section        0  stm32h7xx_hal_adc.o(i.HAL_ADC_IRQHandler)
    i.HAL_ADC_Init                           0x080018d4   Section        0  stm32h7xx_hal_adc.o(i.HAL_ADC_Init)
    i.HAL_ADC_LevelOutOfWindowCallback       0x08001afc   Section        0  stm32h7xx_hal_adc.o(i.HAL_ADC_LevelOutOfWindowCallback)
    i.HAL_ADC_MspInit                        0x08001b00   Section        0  adc.o(i.HAL_ADC_MspInit)
    i.HAL_ADC_PollForConversion              0x08001bf8   Section        0  stm32h7xx_hal_adc.o(i.HAL_ADC_PollForConversion)
    i.HAL_ADC_Start                          0x08001d1c   Section        0  stm32h7xx_hal_adc.o(i.HAL_ADC_Start)
    i.HAL_ADC_Start_DMA                      0x08001e24   Section        0  stm32h7xx_hal_adc.o(i.HAL_ADC_Start_DMA)
    i.HAL_DMA_IRQHandler                     0x08001f2c   Section        0  stm32h7xx_hal_dma.o(i.HAL_DMA_IRQHandler)
    i.HAL_DMA_Init                           0x08002614   Section        0  stm32h7xx_hal_dma.o(i.HAL_DMA_Init)
    i.HAL_DMA_Start_IT                       0x080029d8   Section        0  stm32h7xx_hal_dma.o(i.HAL_DMA_Start_IT)
    i.HAL_Delay                              0x08002c74   Section        0  stm32h7xx_hal.o(i.HAL_Delay)
    i.HAL_GPIO_Init                          0x08002c98   Section        0  stm32h7xx_hal_gpio.o(i.HAL_GPIO_Init)
    i.HAL_GPIO_ReadPin                       0x08002ec4   Section        0  stm32h7xx_hal_gpio.o(i.HAL_GPIO_ReadPin)
    i.HAL_GPIO_WritePin                      0x08002ece   Section        0  stm32h7xx_hal_gpio.o(i.HAL_GPIO_WritePin)
    i.HAL_GetREVID                           0x08002ed8   Section        0  stm32h7xx_hal.o(i.HAL_GetREVID)
    i.HAL_GetTick                            0x08002ee4   Section        0  stm32h7xx_hal.o(i.HAL_GetTick)
    i.HAL_IncTick                            0x08002ef0   Section        0  stm32h7xx_hal.o(i.HAL_IncTick)
    i.HAL_Init                               0x08002f00   Section        0  stm32h7xx_hal.o(i.HAL_Init)
    i.HAL_InitTick                           0x08002f5c   Section        0  stm32h7xx_hal.o(i.HAL_InitTick)
    i.HAL_MPU_ConfigRegion                   0x08002f9c   Section        0  stm32h7xx_hal_cortex.o(i.HAL_MPU_ConfigRegion)
    i.HAL_MPU_Disable                        0x08002ff8   Section        0  stm32h7xx_hal_cortex.o(i.HAL_MPU_Disable)
    i.HAL_MPU_Enable                         0x08003014   Section        0  stm32h7xx_hal_cortex.o(i.HAL_MPU_Enable)
    i.HAL_MspInit                            0x08003038   Section        0  stm32h7xx_hal_msp.o(i.HAL_MspInit)
    i.HAL_NVIC_EnableIRQ                     0x08003054   Section        0  stm32h7xx_hal_cortex.o(i.HAL_NVIC_EnableIRQ)
    i.HAL_NVIC_SetPriority                   0x08003070   Section        0  stm32h7xx_hal_cortex.o(i.HAL_NVIC_SetPriority)
    i.HAL_NVIC_SetPriorityGrouping           0x080030b0   Section        0  stm32h7xx_hal_cortex.o(i.HAL_NVIC_SetPriorityGrouping)
    i.HAL_PWREx_ConfigSupply                 0x080030d4   Section        0  stm32h7xx_hal_pwr_ex.o(i.HAL_PWREx_ConfigSupply)
    i.HAL_RCCEx_GetD3PCLK1Freq               0x08003128   Section        0  stm32h7xx_hal_rcc_ex.o(i.HAL_RCCEx_GetD3PCLK1Freq)
    i.HAL_RCCEx_GetPLL1ClockFreq             0x0800314c   Section        0  stm32h7xx_hal_rcc_ex.o(i.HAL_RCCEx_GetPLL1ClockFreq)
    i.HAL_RCCEx_GetPLL2ClockFreq             0x08003294   Section        0  stm32h7xx_hal_rcc_ex.o(i.HAL_RCCEx_GetPLL2ClockFreq)
    i.HAL_RCCEx_GetPLL3ClockFreq             0x080033d8   Section        0  stm32h7xx_hal_rcc_ex.o(i.HAL_RCCEx_GetPLL3ClockFreq)
    i.HAL_RCCEx_GetPeriphCLKFreq             0x0800351c   Section        0  stm32h7xx_hal_rcc_ex.o(i.HAL_RCCEx_GetPeriphCLKFreq)
    i.HAL_RCCEx_PeriphCLKConfig              0x080037e4   Section        0  stm32h7xx_hal_rcc_ex.o(i.HAL_RCCEx_PeriphCLKConfig)
    i.HAL_RCC_ClockConfig                    0x08004190   Section        0  stm32h7xx_hal_rcc.o(i.HAL_RCC_ClockConfig)
    i.HAL_RCC_GetHCLKFreq                    0x080043ec   Section        0  stm32h7xx_hal_rcc.o(i.HAL_RCC_GetHCLKFreq)
    i.HAL_RCC_GetPCLK1Freq                   0x08004430   Section        0  stm32h7xx_hal_rcc.o(i.HAL_RCC_GetPCLK1Freq)
    i.HAL_RCC_GetPCLK2Freq                   0x08004454   Section        0  stm32h7xx_hal_rcc.o(i.HAL_RCC_GetPCLK2Freq)
    i.HAL_RCC_GetSysClockFreq                0x08004478   Section        0  stm32h7xx_hal_rcc.o(i.HAL_RCC_GetSysClockFreq)
    i.HAL_RCC_OscConfig                      0x080045b0   Section        0  stm32h7xx_hal_rcc.o(i.HAL_RCC_OscConfig)
    i.HAL_SPI_Init                           0x08004b34   Section        0  stm32h7xx_hal_spi.o(i.HAL_SPI_Init)
    i.HAL_SPI_MspInit                        0x08004cb0   Section        0  spi.o(i.HAL_SPI_MspInit)
    i.HAL_SYSCFG_AnalogSwitchConfig          0x08004db0   Section        0  stm32h7xx_hal.o(i.HAL_SYSCFG_AnalogSwitchConfig)
    i.HAL_SYSTICK_Config                     0x08004dc0   Section        0  stm32h7xx_hal_cortex.o(i.HAL_SYSTICK_Config)
    i.HAL_UARTEx_DisableFifoMode             0x08004de6   Section        0  stm32h7xx_hal_uart_ex.o(i.HAL_UARTEx_DisableFifoMode)
    i.HAL_UARTEx_SetRxFifoThreshold          0x08004e26   Section        0  stm32h7xx_hal_uart_ex.o(i.HAL_UARTEx_SetRxFifoThreshold)
    i.HAL_UARTEx_SetTxFifoThreshold          0x08004e72   Section        0  stm32h7xx_hal_uart_ex.o(i.HAL_UARTEx_SetTxFifoThreshold)
    i.HAL_UART_Init                          0x08004ebe   Section        0  stm32h7xx_hal_uart.o(i.HAL_UART_Init)
    i.HAL_UART_MspInit                       0x08004f28   Section        0  usart.o(i.HAL_UART_MspInit)
    i.HAL_UART_Transmit                      0x08004fb0   Section        0  stm32h7xx_hal_uart.o(i.HAL_UART_Transmit)
    i.HardFault_Handler                      0x08005060   Section        0  stm32h7xx_it.o(i.HardFault_Handler)
    i.IO_Update                              0x08005064   Section        0  ad9959.o(i.IO_Update)
    i.LL_ADC_INJ_IsConversionOngoing         0x08005090   Section        0  stm32h7xx_hal_adc.o(i.LL_ADC_INJ_IsConversionOngoing)
    LL_ADC_INJ_IsConversionOngoing           0x08005091   Thumb Code     8  stm32h7xx_hal_adc.o(i.LL_ADC_INJ_IsConversionOngoing)
    i.LL_ADC_REG_IsConversionOngoing         0x08005098   Section        0  stm32h7xx_hal_adc.o(i.LL_ADC_REG_IsConversionOngoing)
    LL_ADC_REG_IsConversionOngoing           0x08005099   Thumb Code     8  stm32h7xx_hal_adc.o(i.LL_ADC_REG_IsConversionOngoing)
    i.LL_ADC_REG_IsConversionOngoing         0x080050a0   Section        0  stm32h7xx_hal_adc_ex.o(i.LL_ADC_REG_IsConversionOngoing)
    LL_ADC_REG_IsConversionOngoing           0x080050a1   Thumb Code     8  stm32h7xx_hal_adc_ex.o(i.LL_ADC_REG_IsConversionOngoing)
    i.LL_ADC_REG_IsTriggerSourceSWStart      0x080050a8   Section        0  stm32h7xx_hal_adc.o(i.LL_ADC_REG_IsTriggerSourceSWStart)
    LL_ADC_REG_IsTriggerSourceSWStart        0x080050a9   Thumb Code    16  stm32h7xx_hal_adc.o(i.LL_ADC_REG_IsTriggerSourceSWStart)
    i.MX_ADC1_Init                           0x080050b8   Section        0  adc.o(i.MX_ADC1_Init)
    i.MX_ADC3_Init                           0x0800526c   Section        0  adc.o(i.MX_ADC3_Init)
    i.MX_DMA_Init                            0x08005338   Section        0  dma.o(i.MX_DMA_Init)
    i.MX_GPIO_Init                           0x08005364   Section        0  gpio.o(i.MX_GPIO_Init)
    i.MX_SPI1_Init                           0x080054ac   Section        0  spi.o(i.MX_SPI1_Init)
    i.MX_SPI2_Init                           0x08005504   Section        0  spi.o(i.MX_SPI2_Init)
    i.MX_USART1_UART_Init                    0x0800555c   Section        0  usart.o(i.MX_USART1_UART_Init)
    i.MemManage_Handler                      0x080055c4   Section        0  stm32h7xx_it.o(i.MemManage_Handler)
    i.NMI_Handler                            0x080055c6   Section        0  stm32h7xx_it.o(i.NMI_Handler)
    i.PendSV_Handler                         0x080055c8   Section        0  stm32h7xx_it.o(i.PendSV_Handler)
    i.PeriphCommonClock_Config               0x080055ca   Section        0  main.o(i.PeriphCommonClock_Config)
    i.RCCEx_PLL2_Config                      0x0800560c   Section        0  stm32h7xx_hal_rcc_ex.o(i.RCCEx_PLL2_Config)
    RCCEx_PLL2_Config                        0x0800560d   Thumb Code   284  stm32h7xx_hal_rcc_ex.o(i.RCCEx_PLL2_Config)
    i.RCCEx_PLL3_Config                      0x0800572c   Section        0  stm32h7xx_hal_rcc_ex.o(i.RCCEx_PLL3_Config)
    RCCEx_PLL3_Config                        0x0800572d   Thumb Code   284  stm32h7xx_hal_rcc_ex.o(i.RCCEx_PLL3_Config)
    i.ReadData_AD9959                        0x0800584c   Section        0  ad9959.o(i.ReadData_AD9959)
    i.SVC_Handler                            0x0800598c   Section        0  stm32h7xx_it.o(i.SVC_Handler)
    i.Serial_TJC_SendTxt                     0x08005990   Section        0  tjc_usart.o(i.Serial_TJC_SendTxt)
    i.ShowADCResult                          0x080059fc   Section        0  adc.o(i.ShowADCResult)
    i.SysTick_Handler                        0x08005b44   Section        0  stm32h7xx_it.o(i.SysTick_Handler)
    i.SystemClock_Config                     0x08005b48   Section        0  main.o(i.SystemClock_Config)
    i.SystemInit                             0x08005bf0   Section        0  system_stm32h7xx.o(i.SystemInit)
    i.UARTEx_SetNbDataToProcess              0x08005ce8   Section        0  stm32h7xx_hal_uart_ex.o(i.UARTEx_SetNbDataToProcess)
    UARTEx_SetNbDataToProcess                0x08005ce9   Thumb Code    62  stm32h7xx_hal_uart_ex.o(i.UARTEx_SetNbDataToProcess)
    i.UART_AdvFeatureConfig                  0x08005d2c   Section        0  stm32h7xx_hal_uart.o(i.UART_AdvFeatureConfig)
    i.UART_CheckIdleState                    0x08005df4   Section        0  stm32h7xx_hal_uart.o(i.UART_CheckIdleState)
    i.UART_EndRxTransfer                     0x08005ea0   Section        0  stm32h7xx_hal_uart.o(i.UART_EndRxTransfer)
    UART_EndRxTransfer                       0x08005ea1   Thumb Code    78  stm32h7xx_hal_uart.o(i.UART_EndRxTransfer)
    i.UART_SetConfig                         0x08005ef4   Section        0  stm32h7xx_hal_uart.o(i.UART_SetConfig)
    i.UART_WaitOnFlagUntilTimeout            0x080062a0   Section        0  stm32h7xx_hal_uart.o(i.UART_WaitOnFlagUntilTimeout)
    i.UsageFault_Handler                     0x08006334   Section        0  stm32h7xx_it.o(i.UsageFault_Handler)
    i.WriteData_AD9959                       0x08006338   Section        0  ad9959.o(i.WriteData_AD9959)
    i.Write_Amplitude                        0x0800643c   Section        0  ad9959.o(i.Write_Amplitude)
    i.Write_frequency                        0x0800647c   Section        0  ad9959.o(i.Write_frequency)
    i.__0vsprintf                            0x080064ec   Section        0  printfa.o(i.__0vsprintf)
    i.__NVIC_SetPriority                     0x08006510   Section        0  stm32h7xx_hal_cortex.o(i.__NVIC_SetPriority)
    __NVIC_SetPriority                       0x08006511   Thumb Code    34  stm32h7xx_hal_cortex.o(i.__NVIC_SetPriority)
    i.__scatterload_copy                     0x08006532   Section       14  handlers.o(i.__scatterload_copy)
    i.__scatterload_null                     0x08006540   Section        2  handlers.o(i.__scatterload_null)
    i.__scatterload_zeroinit                 0x08006542   Section       14  handlers.o(i.__scatterload_zeroinit)
    i._fp_digits                             0x08006550   Section        0  printfa.o(i._fp_digits)
    _fp_digits                               0x08006551   Thumb Code   366  printfa.o(i._fp_digits)
    i._printf_core                           0x080066d4   Section        0  printfa.o(i._printf_core)
    _printf_core                             0x080066d5   Thumb Code  1744  printfa.o(i._printf_core)
    i._printf_post_padding                   0x08006db0   Section        0  printfa.o(i._printf_post_padding)
    _printf_post_padding                     0x08006db1   Thumb Code    36  printfa.o(i._printf_post_padding)
    i._printf_pre_padding                    0x08006dd4   Section        0  printfa.o(i._printf_pre_padding)
    _printf_pre_padding                      0x08006dd5   Thumb Code    46  printfa.o(i._printf_pre_padding)
    i._sputc                                 0x08006e02   Section        0  printfa.o(i._sputc)
    _sputc                                   0x08006e03   Thumb Code    10  printfa.o(i._sputc)
    i.delay_9959                             0x08006e0c   Section        0  ad9959.o(i.delay_9959)
    i.get_GPU_Temperature                    0x08006e18   Section        0  adc.o(i.get_GPU_Temperature)
    i.main                                   0x08006e98   Section        0  main.o(i.main)
    i.printf_s                               0x080070a0   Section        0  tjc_usart.o(i.printf_s)
    i.show_GPU_temprature                    0x080070d8   Section        0  adc.o(i.show_GPU_temprature)
    .constdata                               0x08007118   Section        8  stm32h7xx_hal_dma.o(.constdata)
    flagBitshiftOffset                       0x08007118   Data           8  stm32h7xx_hal_dma.o(.constdata)
    .constdata                               0x08007120   Section       24  stm32h7xx_hal_uart.o(.constdata)
    .constdata                               0x08007138   Section       16  stm32h7xx_hal_uart_ex.o(.constdata)
    numerator                                0x08007138   Data           8  stm32h7xx_hal_uart_ex.o(.constdata)
    denominator                              0x08007140   Data           8  stm32h7xx_hal_uart_ex.o(.constdata)
    .constdata                               0x08007148   Section       16  system_stm32h7xx.o(.constdata)
    .ARM.__at_0x24000000                     0x24000000   Section      600  adc.o(.ARM.__at_0x24000000)
    .data                                    0x24000258   Section       12  main.o(.data)
    .data                                    0x24000264   Section       12  stm32h7xx_hal.o(.data)
    .data                                    0x24000270   Section        8  system_stm32h7xx.o(.data)
    .data                                    0x24000278   Section      160  ad9959.o(.data)
    .bss                                     0x24000318   Section      424  adc.o(.bss)
    .bss                                     0x240004c0   Section      408  spi.o(.bss)
    .bss                                     0x24000658   Section      148  usart.o(.bss)
    .bss                                     0x240006ec   Section      400  tjc_usart.o(.bss)
    String                                   0x240006ec   Data         100  tjc_usart.o(.bss)
    String                                   0x24000750   Data         100  tjc_usart.o(.bss)
    String                                   0x240007b4   Data         100  tjc_usart.o(.bss)
    STACK                                    0x24000880   Section     1024  startup_stm32h743xx.o(STACK)

    Global Symbols

    Symbol Name                              Value     Ov Type        Size  Object(Section)

    BuildAttributes$$THM_ISAv4$E$P$D$K$B$S$7EM$VFPv5_D16$PE$PLD8$A:L22UL41UL21$X:L11$S22US41US21$IEEE1$IW$USESV6$~STKCKD$USESV7$~SHL$OSPACE$ROPI$EBA8$MICROLIB$REQ8$PRES8$EABIv2 0x00000000   Number         0  anon$$obj.o ABSOLUTE
    __ARM_use_no_argv                        0x00000000   Number         0  main.o ABSOLUTE
    __cpp_initialize__aeabi_                  - Undefined Weak Reference
    __cxa_finalize                            - Undefined Weak Reference
    _clock_init                               - Undefined Weak Reference
    _microlib_exit                            - Undefined Weak Reference
    __Vectors_Size                           0x00000298   Number         0  startup_stm32h743xx.o ABSOLUTE
    __Vectors                                0x08000000   Data           4  startup_stm32h743xx.o(RESET)
    __Vectors_End                            0x08000298   Data           0  startup_stm32h743xx.o(RESET)
    __main                                   0x08000299   Thumb Code     0  entry.o(.ARM.Collect$$$$00000000)
    _main_stk                                0x08000299   Thumb Code     0  entry2.o(.ARM.Collect$$$$00000001)
    _main_scatterload                        0x0800029d   Thumb Code     0  entry5.o(.ARM.Collect$$$$00000004)
    __main_after_scatterload                 0x080002a1   Thumb Code     0  entry5.o(.ARM.Collect$$$$00000004)
    _main_clock                              0x080002a1   Thumb Code     0  entry7b.o(.ARM.Collect$$$$00000008)
    _main_cpp_init                           0x080002a1   Thumb Code     0  entry8b.o(.ARM.Collect$$$$0000000A)
    _main_init                               0x080002a1   Thumb Code     0  entry9a.o(.ARM.Collect$$$$0000000B)
    __rt_final_cpp                           0x080002a9   Thumb Code     0  entry10a.o(.ARM.Collect$$$$0000000D)
    __rt_final_exit                          0x080002a9   Thumb Code     0  entry11a.o(.ARM.Collect$$$$0000000F)
    Reset_Handler                            0x080002ad   Thumb Code    12  startup_stm32h743xx.o(.text)
    ADC3_IRQHandler                          0x080002cb   Thumb Code     0  startup_stm32h743xx.o(.text)
    BDMA_Channel0_IRQHandler                 0x080002cb   Thumb Code     0  startup_stm32h743xx.o(.text)
    BDMA_Channel1_IRQHandler                 0x080002cb   Thumb Code     0  startup_stm32h743xx.o(.text)
    BDMA_Channel2_IRQHandler                 0x080002cb   Thumb Code     0  startup_stm32h743xx.o(.text)
    BDMA_Channel3_IRQHandler                 0x080002cb   Thumb Code     0  startup_stm32h743xx.o(.text)
    BDMA_Channel4_IRQHandler                 0x080002cb   Thumb Code     0  startup_stm32h743xx.o(.text)
    BDMA_Channel5_IRQHandler                 0x080002cb   Thumb Code     0  startup_stm32h743xx.o(.text)
    BDMA_Channel6_IRQHandler                 0x080002cb   Thumb Code     0  startup_stm32h743xx.o(.text)
    BDMA_Channel7_IRQHandler                 0x080002cb   Thumb Code     0  startup_stm32h743xx.o(.text)
    CEC_IRQHandler                           0x080002cb   Thumb Code     0  startup_stm32h743xx.o(.text)
    COMP1_IRQHandler                         0x080002cb   Thumb Code     0  startup_stm32h743xx.o(.text)
    CRS_IRQHandler                           0x080002cb   Thumb Code     0  startup_stm32h743xx.o(.text)
    DCMI_IRQHandler                          0x080002cb   Thumb Code     0  startup_stm32h743xx.o(.text)
    DFSDM1_FLT0_IRQHandler                   0x080002cb   Thumb Code     0  startup_stm32h743xx.o(.text)
    DFSDM1_FLT1_IRQHandler                   0x080002cb   Thumb Code     0  startup_stm32h743xx.o(.text)
    DFSDM1_FLT2_IRQHandler                   0x080002cb   Thumb Code     0  startup_stm32h743xx.o(.text)
    DFSDM1_FLT3_IRQHandler                   0x080002cb   Thumb Code     0  startup_stm32h743xx.o(.text)
    DMA1_Stream0_IRQHandler                  0x080002cb   Thumb Code     0  startup_stm32h743xx.o(.text)
    DMA1_Stream1_IRQHandler                  0x080002cb   Thumb Code     0  startup_stm32h743xx.o(.text)
    DMA1_Stream2_IRQHandler                  0x080002cb   Thumb Code     0  startup_stm32h743xx.o(.text)
    DMA1_Stream3_IRQHandler                  0x080002cb   Thumb Code     0  startup_stm32h743xx.o(.text)
    DMA1_Stream4_IRQHandler                  0x080002cb   Thumb Code     0  startup_stm32h743xx.o(.text)
    DMA1_Stream5_IRQHandler                  0x080002cb   Thumb Code     0  startup_stm32h743xx.o(.text)
    DMA1_Stream6_IRQHandler                  0x080002cb   Thumb Code     0  startup_stm32h743xx.o(.text)
    DMA1_Stream7_IRQHandler                  0x080002cb   Thumb Code     0  startup_stm32h743xx.o(.text)
    DMA2D_IRQHandler                         0x080002cb   Thumb Code     0  startup_stm32h743xx.o(.text)
    DMA2_Stream0_IRQHandler                  0x080002cb   Thumb Code     0  startup_stm32h743xx.o(.text)
    DMA2_Stream1_IRQHandler                  0x080002cb   Thumb Code     0  startup_stm32h743xx.o(.text)
    DMA2_Stream2_IRQHandler                  0x080002cb   Thumb Code     0  startup_stm32h743xx.o(.text)
    DMA2_Stream3_IRQHandler                  0x080002cb   Thumb Code     0  startup_stm32h743xx.o(.text)
    DMA2_Stream5_IRQHandler                  0x080002cb   Thumb Code     0  startup_stm32h743xx.o(.text)
    DMA2_Stream6_IRQHandler                  0x080002cb   Thumb Code     0  startup_stm32h743xx.o(.text)
    DMA2_Stream7_IRQHandler                  0x080002cb   Thumb Code     0  startup_stm32h743xx.o(.text)
    DMAMUX1_OVR_IRQHandler                   0x080002cb   Thumb Code     0  startup_stm32h743xx.o(.text)
    DMAMUX2_OVR_IRQHandler                   0x080002cb   Thumb Code     0  startup_stm32h743xx.o(.text)
    ECC_IRQHandler                           0x080002cb   Thumb Code     0  startup_stm32h743xx.o(.text)
    ETH_IRQHandler                           0x080002cb   Thumb Code     0  startup_stm32h743xx.o(.text)
    ETH_WKUP_IRQHandler                      0x080002cb   Thumb Code     0  startup_stm32h743xx.o(.text)
    EXTI0_IRQHandler                         0x080002cb   Thumb Code     0  startup_stm32h743xx.o(.text)
    EXTI15_10_IRQHandler                     0x080002cb   Thumb Code     0  startup_stm32h743xx.o(.text)
    EXTI1_IRQHandler                         0x080002cb   Thumb Code     0  startup_stm32h743xx.o(.text)
    EXTI2_IRQHandler                         0x080002cb   Thumb Code     0  startup_stm32h743xx.o(.text)
    EXTI3_IRQHandler                         0x080002cb   Thumb Code     0  startup_stm32h743xx.o(.text)
    EXTI4_IRQHandler                         0x080002cb   Thumb Code     0  startup_stm32h743xx.o(.text)
    EXTI9_5_IRQHandler                       0x080002cb   Thumb Code     0  startup_stm32h743xx.o(.text)
    FDCAN1_IT0_IRQHandler                    0x080002cb   Thumb Code     0  startup_stm32h743xx.o(.text)
    FDCAN1_IT1_IRQHandler                    0x080002cb   Thumb Code     0  startup_stm32h743xx.o(.text)
    FDCAN2_IT0_IRQHandler                    0x080002cb   Thumb Code     0  startup_stm32h743xx.o(.text)
    FDCAN2_IT1_IRQHandler                    0x080002cb   Thumb Code     0  startup_stm32h743xx.o(.text)
    FDCAN_CAL_IRQHandler                     0x080002cb   Thumb Code     0  startup_stm32h743xx.o(.text)
    FLASH_IRQHandler                         0x080002cb   Thumb Code     0  startup_stm32h743xx.o(.text)
    FMC_IRQHandler                           0x080002cb   Thumb Code     0  startup_stm32h743xx.o(.text)
    FPU_IRQHandler                           0x080002cb   Thumb Code     0  startup_stm32h743xx.o(.text)
    HRTIM1_FLT_IRQHandler                    0x080002cb   Thumb Code     0  startup_stm32h743xx.o(.text)
    HRTIM1_Master_IRQHandler                 0x080002cb   Thumb Code     0  startup_stm32h743xx.o(.text)
    HRTIM1_TIMA_IRQHandler                   0x080002cb   Thumb Code     0  startup_stm32h743xx.o(.text)
    HRTIM1_TIMB_IRQHandler                   0x080002cb   Thumb Code     0  startup_stm32h743xx.o(.text)
    HRTIM1_TIMC_IRQHandler                   0x080002cb   Thumb Code     0  startup_stm32h743xx.o(.text)
    HRTIM1_TIMD_IRQHandler                   0x080002cb   Thumb Code     0  startup_stm32h743xx.o(.text)
    HRTIM1_TIME_IRQHandler                   0x080002cb   Thumb Code     0  startup_stm32h743xx.o(.text)
    HSEM1_IRQHandler                         0x080002cb   Thumb Code     0  startup_stm32h743xx.o(.text)
    I2C1_ER_IRQHandler                       0x080002cb   Thumb Code     0  startup_stm32h743xx.o(.text)
    I2C1_EV_IRQHandler                       0x080002cb   Thumb Code     0  startup_stm32h743xx.o(.text)
    I2C2_ER_IRQHandler                       0x080002cb   Thumb Code     0  startup_stm32h743xx.o(.text)
    I2C2_EV_IRQHandler                       0x080002cb   Thumb Code     0  startup_stm32h743xx.o(.text)
    I2C3_ER_IRQHandler                       0x080002cb   Thumb Code     0  startup_stm32h743xx.o(.text)
    I2C3_EV_IRQHandler                       0x080002cb   Thumb Code     0  startup_stm32h743xx.o(.text)
    I2C4_ER_IRQHandler                       0x080002cb   Thumb Code     0  startup_stm32h743xx.o(.text)
    I2C4_EV_IRQHandler                       0x080002cb   Thumb Code     0  startup_stm32h743xx.o(.text)
    JPEG_IRQHandler                          0x080002cb   Thumb Code     0  startup_stm32h743xx.o(.text)
    LPTIM1_IRQHandler                        0x080002cb   Thumb Code     0  startup_stm32h743xx.o(.text)
    LPTIM2_IRQHandler                        0x080002cb   Thumb Code     0  startup_stm32h743xx.o(.text)
    LPTIM3_IRQHandler                        0x080002cb   Thumb Code     0  startup_stm32h743xx.o(.text)
    LPTIM4_IRQHandler                        0x080002cb   Thumb Code     0  startup_stm32h743xx.o(.text)
    LPTIM5_IRQHandler                        0x080002cb   Thumb Code     0  startup_stm32h743xx.o(.text)
    LPUART1_IRQHandler                       0x080002cb   Thumb Code     0  startup_stm32h743xx.o(.text)
    LTDC_ER_IRQHandler                       0x080002cb   Thumb Code     0  startup_stm32h743xx.o(.text)
    LTDC_IRQHandler                          0x080002cb   Thumb Code     0  startup_stm32h743xx.o(.text)
    MDIOS_IRQHandler                         0x080002cb   Thumb Code     0  startup_stm32h743xx.o(.text)
    MDIOS_WKUP_IRQHandler                    0x080002cb   Thumb Code     0  startup_stm32h743xx.o(.text)
    MDMA_IRQHandler                          0x080002cb   Thumb Code     0  startup_stm32h743xx.o(.text)
    OTG_FS_EP1_IN_IRQHandler                 0x080002cb   Thumb Code     0  startup_stm32h743xx.o(.text)
    OTG_FS_EP1_OUT_IRQHandler                0x080002cb   Thumb Code     0  startup_stm32h743xx.o(.text)
    OTG_FS_IRQHandler                        0x080002cb   Thumb Code     0  startup_stm32h743xx.o(.text)
    OTG_FS_WKUP_IRQHandler                   0x080002cb   Thumb Code     0  startup_stm32h743xx.o(.text)
    OTG_HS_EP1_IN_IRQHandler                 0x080002cb   Thumb Code     0  startup_stm32h743xx.o(.text)
    OTG_HS_EP1_OUT_IRQHandler                0x080002cb   Thumb Code     0  startup_stm32h743xx.o(.text)
    OTG_HS_IRQHandler                        0x080002cb   Thumb Code     0  startup_stm32h743xx.o(.text)
    OTG_HS_WKUP_IRQHandler                   0x080002cb   Thumb Code     0  startup_stm32h743xx.o(.text)
    PVD_AVD_IRQHandler                       0x080002cb   Thumb Code     0  startup_stm32h743xx.o(.text)
    QUADSPI_IRQHandler                       0x080002cb   Thumb Code     0  startup_stm32h743xx.o(.text)
    RCC_IRQHandler                           0x080002cb   Thumb Code     0  startup_stm32h743xx.o(.text)
    RNG_IRQHandler                           0x080002cb   Thumb Code     0  startup_stm32h743xx.o(.text)
    RTC_Alarm_IRQHandler                     0x080002cb   Thumb Code     0  startup_stm32h743xx.o(.text)
    RTC_WKUP_IRQHandler                      0x080002cb   Thumb Code     0  startup_stm32h743xx.o(.text)
    SAI1_IRQHandler                          0x080002cb   Thumb Code     0  startup_stm32h743xx.o(.text)
    SAI2_IRQHandler                          0x080002cb   Thumb Code     0  startup_stm32h743xx.o(.text)
    SAI3_IRQHandler                          0x080002cb   Thumb Code     0  startup_stm32h743xx.o(.text)
    SAI4_IRQHandler                          0x080002cb   Thumb Code     0  startup_stm32h743xx.o(.text)
    SDMMC1_IRQHandler                        0x080002cb   Thumb Code     0  startup_stm32h743xx.o(.text)
    SDMMC2_IRQHandler                        0x080002cb   Thumb Code     0  startup_stm32h743xx.o(.text)
    SPDIF_RX_IRQHandler                      0x080002cb   Thumb Code     0  startup_stm32h743xx.o(.text)
    SPI1_IRQHandler                          0x080002cb   Thumb Code     0  startup_stm32h743xx.o(.text)
    SPI2_IRQHandler                          0x080002cb   Thumb Code     0  startup_stm32h743xx.o(.text)
    SPI3_IRQHandler                          0x080002cb   Thumb Code     0  startup_stm32h743xx.o(.text)
    SPI4_IRQHandler                          0x080002cb   Thumb Code     0  startup_stm32h743xx.o(.text)
    SPI5_IRQHandler                          0x080002cb   Thumb Code     0  startup_stm32h743xx.o(.text)
    SPI6_IRQHandler                          0x080002cb   Thumb Code     0  startup_stm32h743xx.o(.text)
    SWPMI1_IRQHandler                        0x080002cb   Thumb Code     0  startup_stm32h743xx.o(.text)
    TAMP_STAMP_IRQHandler                    0x080002cb   Thumb Code     0  startup_stm32h743xx.o(.text)
    TIM15_IRQHandler                         0x080002cb   Thumb Code     0  startup_stm32h743xx.o(.text)
    TIM16_IRQHandler                         0x080002cb   Thumb Code     0  startup_stm32h743xx.o(.text)
    TIM17_IRQHandler                         0x080002cb   Thumb Code     0  startup_stm32h743xx.o(.text)
    TIM1_BRK_IRQHandler                      0x080002cb   Thumb Code     0  startup_stm32h743xx.o(.text)
    TIM1_CC_IRQHandler                       0x080002cb   Thumb Code     0  startup_stm32h743xx.o(.text)
    TIM1_TRG_COM_IRQHandler                  0x080002cb   Thumb Code     0  startup_stm32h743xx.o(.text)
    TIM1_UP_IRQHandler                       0x080002cb   Thumb Code     0  startup_stm32h743xx.o(.text)
    TIM2_IRQHandler                          0x080002cb   Thumb Code     0  startup_stm32h743xx.o(.text)
    TIM3_IRQHandler                          0x080002cb   Thumb Code     0  startup_stm32h743xx.o(.text)
    TIM4_IRQHandler                          0x080002cb   Thumb Code     0  startup_stm32h743xx.o(.text)
    TIM5_IRQHandler                          0x080002cb   Thumb Code     0  startup_stm32h743xx.o(.text)
    TIM6_DAC_IRQHandler                      0x080002cb   Thumb Code     0  startup_stm32h743xx.o(.text)
    TIM7_IRQHandler                          0x080002cb   Thumb Code     0  startup_stm32h743xx.o(.text)
    TIM8_BRK_TIM12_IRQHandler                0x080002cb   Thumb Code     0  startup_stm32h743xx.o(.text)
    TIM8_CC_IRQHandler                       0x080002cb   Thumb Code     0  startup_stm32h743xx.o(.text)
    TIM8_TRG_COM_TIM14_IRQHandler            0x080002cb   Thumb Code     0  startup_stm32h743xx.o(.text)
    TIM8_UP_TIM13_IRQHandler                 0x080002cb   Thumb Code     0  startup_stm32h743xx.o(.text)
    UART4_IRQHandler                         0x080002cb   Thumb Code     0  startup_stm32h743xx.o(.text)
    UART5_IRQHandler                         0x080002cb   Thumb Code     0  startup_stm32h743xx.o(.text)
    UART7_IRQHandler                         0x080002cb   Thumb Code     0  startup_stm32h743xx.o(.text)
    UART8_IRQHandler                         0x080002cb   Thumb Code     0  startup_stm32h743xx.o(.text)
    USART1_IRQHandler                        0x080002cb   Thumb Code     0  startup_stm32h743xx.o(.text)
    USART2_IRQHandler                        0x080002cb   Thumb Code     0  startup_stm32h743xx.o(.text)
    USART3_IRQHandler                        0x080002cb   Thumb Code     0  startup_stm32h743xx.o(.text)
    USART6_IRQHandler                        0x080002cb   Thumb Code     0  startup_stm32h743xx.o(.text)
    WAKEUP_PIN_IRQHandler                    0x080002cb   Thumb Code     0  startup_stm32h743xx.o(.text)
    WWDG_IRQHandler                          0x080002cb   Thumb Code     0  startup_stm32h743xx.o(.text)
    __aeabi_uldivmod                         0x080002d9   Thumb Code    98  uldiv.o(.text)
    __aeabi_memset                           0x0800033b   Thumb Code    14  memseta.o(.text)
    __aeabi_memset4                          0x0800033b   Thumb Code     0  memseta.o(.text)
    __aeabi_memset8                          0x0800033b   Thumb Code     0  memseta.o(.text)
    __aeabi_memclr                           0x08000349   Thumb Code     4  memseta.o(.text)
    __aeabi_memclr4                          0x08000349   Thumb Code     0  memseta.o(.text)
    __aeabi_memclr8                          0x08000349   Thumb Code     0  memseta.o(.text)
    _memset$wrapper                          0x0800034d   Thumb Code    18  memseta.o(.text)
    __aeabi_uidiv                            0x0800035f   Thumb Code     0  uidiv.o(.text)
    __aeabi_uidivmod                         0x0800035f   Thumb Code    44  uidiv.o(.text)
    __aeabi_llsl                             0x0800038b   Thumb Code    30  llshl.o(.text)
    _ll_shift_l                              0x0800038b   Thumb Code     0  llshl.o(.text)
    __aeabi_llsr                             0x080003a9   Thumb Code    32  llushr.o(.text)
    _ll_ushift_r                             0x080003a9   Thumb Code     0  llushr.o(.text)
    __I$use$fp                               0x080003c9   Thumb Code     0  iusefp.o(.text)
    __aeabi_dadd                             0x080003c9   Thumb Code   322  dadd.o(.text)
    __aeabi_dsub                             0x0800050b   Thumb Code     6  dadd.o(.text)
    __aeabi_drsub                            0x08000511   Thumb Code     6  dadd.o(.text)
    __aeabi_dmul                             0x08000517   Thumb Code   228  dmul.o(.text)
    __aeabi_ddiv                             0x080005fb   Thumb Code   222  ddiv.o(.text)
    __aeabi_d2ulz                            0x080006d9   Thumb Code    48  dfixul.o(.text)
    __aeabi_cdrcmple                         0x08000709   Thumb Code    48  cdrcmple.o(.text)
    __scatterload                            0x08000739   Thumb Code    28  init.o(.text)
    __scatterload_rt2                        0x08000739   Thumb Code     0  init.o(.text)
    __aeabi_lasr                             0x0800075d   Thumb Code    36  llsshr.o(.text)
    _ll_sshift_r                             0x0800075d   Thumb Code     0  llsshr.o(.text)
    _double_round                            0x08000781   Thumb Code    30  depilogue.o(.text)
    _double_epilogue                         0x0800079f   Thumb Code   156  depilogue.o(.text)
    __decompress                             0x0800083b   Thumb Code     0  __dczerorl2.o(.text)
    __decompress1                            0x0800083b   Thumb Code    86  __dczerorl2.o(.text)
    AD9959_error                             0x08000891   Thumb Code    22  ad9959.o(i.AD9959_error)
    ADC_ConfigureBoostMode                   0x080008a9   Thumb Code   236  stm32h7xx_hal_adc.o(i.ADC_ConfigureBoostMode)
    ADC_DMAConvCplt                          0x080009b1   Thumb Code   104  stm32h7xx_hal_adc.o(i.ADC_DMAConvCplt)
    ADC_DMAError                             0x08000a19   Thumb Code    26  stm32h7xx_hal_adc.o(i.ADC_DMAError)
    ADC_DMAHalfConvCplt                      0x08000a33   Thumb Code    10  stm32h7xx_hal_adc.o(i.ADC_DMAHalfConvCplt)
    ADC_Disable                              0x08000a3d   Thumb Code   106  stm32h7xx_hal_adc.o(i.ADC_Disable)
    ADC_Enable                               0x08000aad   Thumb Code   148  stm32h7xx_hal_adc.o(i.ADC_Enable)
    ADC_IRQHandler                           0x08000b55   Thumb Code     6  stm32h7xx_it.o(i.ADC_IRQHandler)
    BusFault_Handler                         0x08000b61   Thumb Code     2  stm32h7xx_it.o(i.BusFault_Handler)
    Channel_Select                           0x08000b65   Thumb Code    22  ad9959.o(i.Channel_Select)
    DMA2_Stream4_IRQHandler                  0x08000b81   Thumb Code     6  stm32h7xx_it.o(i.DMA2_Stream4_IRQHandler)
    DebugMon_Handler                         0x08000fc5   Thumb Code     2  stm32h7xx_it.o(i.DebugMon_Handler)
    Error_Handler                            0x08000fc7   Thumb Code     4  main.o(i.Error_Handler)
    ExitRun0Mode                             0x08000fcd   Thumb Code    22  system_stm32h7xx.o(i.ExitRun0Mode)
    Get_Amplitude                            0x08000fe9   Thumb Code    22  ad9959.o(i.Get_Amplitude)
    Get_Frequency                            0x08001001   Thumb Code    64  ad9959.o(i.Get_Frequency)
    HAL_ADCEx_Calibration_Start              0x08001049   Thumb Code   146  stm32h7xx_hal_adc_ex.o(i.HAL_ADCEx_Calibration_Start)
    HAL_ADCEx_EndOfSamplingCallback          0x080010e5   Thumb Code     2  stm32h7xx_hal_adc_ex.o(i.HAL_ADCEx_EndOfSamplingCallback)
    HAL_ADCEx_InjectedConvCpltCallback       0x080010e7   Thumb Code     2  stm32h7xx_hal_adc_ex.o(i.HAL_ADCEx_InjectedConvCpltCallback)
    HAL_ADCEx_InjectedQueueOverflowCallback  0x080010e9   Thumb Code     2  stm32h7xx_hal_adc_ex.o(i.HAL_ADCEx_InjectedQueueOverflowCallback)
    HAL_ADCEx_LevelOutOfWindow2Callback      0x080010eb   Thumb Code     2  stm32h7xx_hal_adc_ex.o(i.HAL_ADCEx_LevelOutOfWindow2Callback)
    HAL_ADCEx_LevelOutOfWindow3Callback      0x080010ed   Thumb Code     2  stm32h7xx_hal_adc_ex.o(i.HAL_ADCEx_LevelOutOfWindow3Callback)
    HAL_ADCEx_MultiModeConfigChannel         0x080010f1   Thumb Code   274  stm32h7xx_hal_adc_ex.o(i.HAL_ADCEx_MultiModeConfigChannel)
    HAL_ADC_ConfigChannel                    0x08001219   Thumb Code   946  stm32h7xx_hal_adc.o(i.HAL_ADC_ConfigChannel)
    HAL_ADC_ConvCpltCallback                 0x08001639   Thumb Code     2  stm32h7xx_hal_adc.o(i.HAL_ADC_ConvCpltCallback)
    HAL_ADC_ConvHalfCpltCallback             0x0800163b   Thumb Code     2  stm32h7xx_hal_adc.o(i.HAL_ADC_ConvHalfCpltCallback)
    HAL_ADC_ErrorCallback                    0x0800163d   Thumb Code     2  stm32h7xx_hal_adc.o(i.HAL_ADC_ErrorCallback)
    HAL_ADC_GetValue                         0x0800163f   Thumb Code     6  stm32h7xx_hal_adc.o(i.HAL_ADC_GetValue)
    HAL_ADC_IRQHandler                       0x08001645   Thumb Code   640  stm32h7xx_hal_adc.o(i.HAL_ADC_IRQHandler)
    HAL_ADC_Init                             0x080018d5   Thumb Code   498  stm32h7xx_hal_adc.o(i.HAL_ADC_Init)
    HAL_ADC_LevelOutOfWindowCallback         0x08001afd   Thumb Code     2  stm32h7xx_hal_adc.o(i.HAL_ADC_LevelOutOfWindowCallback)
    HAL_ADC_MspInit                          0x08001b01   Thumb Code   218  adc.o(i.HAL_ADC_MspInit)
    HAL_ADC_PollForConversion                0x08001bf9   Thumb Code   274  stm32h7xx_hal_adc.o(i.HAL_ADC_PollForConversion)
    HAL_ADC_Start                            0x08001d1d   Thumb Code   242  stm32h7xx_hal_adc.o(i.HAL_ADC_Start)
    HAL_ADC_Start_DMA                        0x08001e25   Thumb Code   230  stm32h7xx_hal_adc.o(i.HAL_ADC_Start_DMA)
    HAL_DMA_IRQHandler                       0x08001f2d   Thumb Code  1756  stm32h7xx_hal_dma.o(i.HAL_DMA_IRQHandler)
    HAL_DMA_Init                             0x08002615   Thumb Code   926  stm32h7xx_hal_dma.o(i.HAL_DMA_Init)
    HAL_DMA_Start_IT                         0x080029d9   Thumb Code   628  stm32h7xx_hal_dma.o(i.HAL_DMA_Start_IT)
    HAL_Delay                                0x08002c75   Thumb Code    32  stm32h7xx_hal.o(i.HAL_Delay)
    HAL_GPIO_Init                            0x08002c99   Thumb Code   506  stm32h7xx_hal_gpio.o(i.HAL_GPIO_Init)
    HAL_GPIO_ReadPin                         0x08002ec5   Thumb Code    10  stm32h7xx_hal_gpio.o(i.HAL_GPIO_ReadPin)
    HAL_GPIO_WritePin                        0x08002ecf   Thumb Code    10  stm32h7xx_hal_gpio.o(i.HAL_GPIO_WritePin)
    HAL_GetREVID                             0x08002ed9   Thumb Code     8  stm32h7xx_hal.o(i.HAL_GetREVID)
    HAL_GetTick                              0x08002ee5   Thumb Code     6  stm32h7xx_hal.o(i.HAL_GetTick)
    HAL_IncTick                              0x08002ef1   Thumb Code    12  stm32h7xx_hal.o(i.HAL_IncTick)
    HAL_Init                                 0x08002f01   Thumb Code    74  stm32h7xx_hal.o(i.HAL_Init)
    HAL_InitTick                             0x08002f5d   Thumb Code    56  stm32h7xx_hal.o(i.HAL_InitTick)
    HAL_MPU_ConfigRegion                     0x08002f9d   Thumb Code    86  stm32h7xx_hal_cortex.o(i.HAL_MPU_ConfigRegion)
    HAL_MPU_Disable                          0x08002ff9   Thumb Code    24  stm32h7xx_hal_cortex.o(i.HAL_MPU_Disable)
    HAL_MPU_Enable                           0x08003015   Thumb Code    30  stm32h7xx_hal_cortex.o(i.HAL_MPU_Enable)
    HAL_MspInit                              0x08003039   Thumb Code    22  stm32h7xx_hal_msp.o(i.HAL_MspInit)
    HAL_NVIC_EnableIRQ                       0x08003055   Thumb Code    26  stm32h7xx_hal_cortex.o(i.HAL_NVIC_EnableIRQ)
    HAL_NVIC_SetPriority                     0x08003071   Thumb Code    60  stm32h7xx_hal_cortex.o(i.HAL_NVIC_SetPriority)
    HAL_NVIC_SetPriorityGrouping             0x080030b1   Thumb Code    28  stm32h7xx_hal_cortex.o(i.HAL_NVIC_SetPriorityGrouping)
    HAL_PWREx_ConfigSupply                   0x080030d5   Thumb Code    78  stm32h7xx_hal_pwr_ex.o(i.HAL_PWREx_ConfigSupply)
    HAL_RCCEx_GetD3PCLK1Freq                 0x08003129   Thumb Code    26  stm32h7xx_hal_rcc_ex.o(i.HAL_RCCEx_GetD3PCLK1Freq)
    HAL_RCCEx_GetPLL1ClockFreq               0x0800314d   Thumb Code   298  stm32h7xx_hal_rcc_ex.o(i.HAL_RCCEx_GetPLL1ClockFreq)
    HAL_RCCEx_GetPLL2ClockFreq               0x08003295   Thumb Code   296  stm32h7xx_hal_rcc_ex.o(i.HAL_RCCEx_GetPLL2ClockFreq)
    HAL_RCCEx_GetPLL3ClockFreq               0x080033d9   Thumb Code   296  stm32h7xx_hal_rcc_ex.o(i.HAL_RCCEx_GetPLL3ClockFreq)
    HAL_RCCEx_GetPeriphCLKFreq               0x0800351d   Thumb Code   692  stm32h7xx_hal_rcc_ex.o(i.HAL_RCCEx_GetPeriphCLKFreq)
    HAL_RCCEx_PeriphCLKConfig                0x080037e5   Thumb Code  2472  stm32h7xx_hal_rcc_ex.o(i.HAL_RCCEx_PeriphCLKConfig)
    HAL_RCC_ClockConfig                      0x08004191   Thumb Code   580  stm32h7xx_hal_rcc.o(i.HAL_RCC_ClockConfig)
    HAL_RCC_GetHCLKFreq                      0x080043ed   Thumb Code    52  stm32h7xx_hal_rcc.o(i.HAL_RCC_GetHCLKFreq)
    HAL_RCC_GetPCLK1Freq                     0x08004431   Thumb Code    26  stm32h7xx_hal_rcc.o(i.HAL_RCC_GetPCLK1Freq)
    HAL_RCC_GetPCLK2Freq                     0x08004455   Thumb Code    26  stm32h7xx_hal_rcc.o(i.HAL_RCC_GetPCLK2Freq)
    HAL_RCC_GetSysClockFreq                  0x08004479   Thumb Code   278  stm32h7xx_hal_rcc.o(i.HAL_RCC_GetSysClockFreq)
    HAL_RCC_OscConfig                        0x080045b1   Thumb Code  1410  stm32h7xx_hal_rcc.o(i.HAL_RCC_OscConfig)
    HAL_SPI_Init                             0x08004b35   Thumb Code   366  stm32h7xx_hal_spi.o(i.HAL_SPI_Init)
    HAL_SPI_MspInit                          0x08004cb1   Thumb Code   234  spi.o(i.HAL_SPI_MspInit)
    HAL_SYSCFG_AnalogSwitchConfig            0x08004db1   Thumb Code    12  stm32h7xx_hal.o(i.HAL_SYSCFG_AnalogSwitchConfig)
    HAL_SYSTICK_Config                       0x08004dc1   Thumb Code    38  stm32h7xx_hal_cortex.o(i.HAL_SYSTICK_Config)
    HAL_UARTEx_DisableFifoMode               0x08004de7   Thumb Code    64  stm32h7xx_hal_uart_ex.o(i.HAL_UARTEx_DisableFifoMode)
    HAL_UARTEx_SetRxFifoThreshold            0x08004e27   Thumb Code    76  stm32h7xx_hal_uart_ex.o(i.HAL_UARTEx_SetRxFifoThreshold)
    HAL_UARTEx_SetTxFifoThreshold            0x08004e73   Thumb Code    76  stm32h7xx_hal_uart_ex.o(i.HAL_UARTEx_SetTxFifoThreshold)
    HAL_UART_Init                            0x08004ebf   Thumb Code   106  stm32h7xx_hal_uart.o(i.HAL_UART_Init)
    HAL_UART_MspInit                         0x08004f29   Thumb Code   122  usart.o(i.HAL_UART_MspInit)
    HAL_UART_Transmit                        0x08004fb1   Thumb Code   176  stm32h7xx_hal_uart.o(i.HAL_UART_Transmit)
    HardFault_Handler                        0x08005061   Thumb Code     2  stm32h7xx_it.o(i.HardFault_Handler)
    IO_Update                                0x08005065   Thumb Code    38  ad9959.o(i.IO_Update)
    MX_ADC1_Init                             0x080050b9   Thumb Code   312  adc.o(i.MX_ADC1_Init)
    MX_ADC3_Init                             0x0800526d   Thumb Code   142  adc.o(i.MX_ADC3_Init)
    MX_DMA_Init                              0x08005339   Thumb Code    40  dma.o(i.MX_DMA_Init)
    MX_GPIO_Init                             0x08005365   Thumb Code   302  gpio.o(i.MX_GPIO_Init)
    MX_SPI1_Init                             0x080054ad   Thumb Code    80  spi.o(i.MX_SPI1_Init)
    MX_SPI2_Init                             0x08005505   Thumb Code    80  spi.o(i.MX_SPI2_Init)
    MX_USART1_UART_Init                      0x0800555d   Thumb Code    94  usart.o(i.MX_USART1_UART_Init)
    MemManage_Handler                        0x080055c5   Thumb Code     2  stm32h7xx_it.o(i.MemManage_Handler)
    NMI_Handler                              0x080055c7   Thumb Code     2  stm32h7xx_it.o(i.NMI_Handler)
    PendSV_Handler                           0x080055c9   Thumb Code     2  stm32h7xx_it.o(i.PendSV_Handler)
    PeriphCommonClock_Config                 0x080055cb   Thumb Code    64  main.o(i.PeriphCommonClock_Config)
    ReadData_AD9959                          0x0800584d   Thumb Code   312  ad9959.o(i.ReadData_AD9959)
    SVC_Handler                              0x0800598d   Thumb Code     2  stm32h7xx_it.o(i.SVC_Handler)
    Serial_TJC_SendTxt                       0x08005991   Thumb Code    54  tjc_usart.o(i.Serial_TJC_SendTxt)
    ShowADCResult                            0x080059fd   Thumb Code   206  adc.o(i.ShowADCResult)
    SysTick_Handler                          0x08005b45   Thumb Code     4  stm32h7xx_it.o(i.SysTick_Handler)
    SystemClock_Config                       0x08005b49   Thumb Code   160  main.o(i.SystemClock_Config)
    SystemInit                               0x08005bf1   Thumb Code   206  system_stm32h7xx.o(i.SystemInit)
    UART_AdvFeatureConfig                    0x08005d2d   Thumb Code   200  stm32h7xx_hal_uart.o(i.UART_AdvFeatureConfig)
    UART_CheckIdleState                      0x08005df5   Thumb Code   170  stm32h7xx_hal_uart.o(i.UART_CheckIdleState)
    UART_SetConfig                           0x08005ef5   Thumb Code   876  stm32h7xx_hal_uart.o(i.UART_SetConfig)
    UART_WaitOnFlagUntilTimeout              0x080062a1   Thumb Code   148  stm32h7xx_hal_uart.o(i.UART_WaitOnFlagUntilTimeout)
    UsageFault_Handler                       0x08006335   Thumb Code     2  stm32h7xx_it.o(i.UsageFault_Handler)
    WriteData_AD9959                         0x08006339   Thumb Code   256  ad9959.o(i.WriteData_AD9959)
    Write_Amplitude                          0x0800643d   Thumb Code    64  ad9959.o(i.Write_Amplitude)
    Write_frequency                          0x0800647d   Thumb Code    96  ad9959.o(i.Write_frequency)
    __0vsprintf                              0x080064ed   Thumb Code    30  printfa.o(i.__0vsprintf)
    __1vsprintf                              0x080064ed   Thumb Code     0  printfa.o(i.__0vsprintf)
    __2vsprintf                              0x080064ed   Thumb Code     0  printfa.o(i.__0vsprintf)
    __c89vsprintf                            0x080064ed   Thumb Code     0  printfa.o(i.__0vsprintf)
    vsprintf                                 0x080064ed   Thumb Code     0  printfa.o(i.__0vsprintf)
    __scatterload_copy                       0x08006533   Thumb Code    14  handlers.o(i.__scatterload_copy)
    __scatterload_null                       0x08006541   Thumb Code     2  handlers.o(i.__scatterload_null)
    __scatterload_zeroinit                   0x08006543   Thumb Code    14  handlers.o(i.__scatterload_zeroinit)
    delay_9959                               0x08006e0d   Thumb Code    12  ad9959.o(i.delay_9959)
    get_GPU_Temperature                      0x08006e19   Thumb Code    88  adc.o(i.get_GPU_Temperature)
    main                                     0x08006e99   Thumb Code   400  main.o(i.main)
    printf_s                                 0x080070a1   Thumb Code    46  tjc_usart.o(i.printf_s)
    show_GPU_temprature                      0x080070d9   Thumb Code    44  adc.o(i.show_GPU_temprature)
    UARTPrescTable                           0x08007120   Data          24  stm32h7xx_hal_uart.o(.constdata)
    D1CorePrescTable                         0x08007148   Data          16  system_stm32h7xx.o(.constdata)
    Region$$Table$$Base                      0x08007158   Number         0  anon$$obj.o(Region$$Table)
    Region$$Table$$Limit                     0x08007178   Number         0  anon$$obj.o(Region$$Table)
    ADC1_DATA                                0x24000000   Data         600  adc.o(.ARM.__at_0x24000000)
    AD_val                                   0x24000258   Data           1  main.o(.data)
    cnt_t                                    0x2400025c   Data           4  main.o(.data)
    AD_freq                                  0x24000260   Data           4  main.o(.data)
    uwTickFreq                               0x24000264   Data           1  stm32h7xx_hal.o(.data)
    uwTickPrio                               0x24000268   Data           4  stm32h7xx_hal.o(.data)
    uwTick                                   0x2400026c   Data           4  stm32h7xx_hal.o(.data)
    SystemCoreClock                          0x24000270   Data           4  system_stm32h7xx.o(.data)
    SystemD2Clock                            0x24000274   Data           4  system_stm32h7xx.o(.data)
    CPOW0_DATA                               0x24000278   Data           2  ad9959.o(.data)
    CSR_DATA                                 0x2400027a   Data           4  ad9959.o(.data)
    SDIO0                                    0x24000280   Data           8  ad9959.o(.data)
    SDIO1                                    0x24000288   Data           8  ad9959.o(.data)
    SDIO2                                    0x24000290   Data           8  ad9959.o(.data)
    SDIO3                                    0x24000298   Data           8  ad9959.o(.data)
    PDC                                      0x240002a0   Data           8  ad9959.o(.data)
    RST                                      0x240002a8   Data           8  ad9959.o(.data)
    SCLK                                     0x240002b0   Data           8  ad9959.o(.data)
    CS                                       0x240002b8   Data           8  ad9959.o(.data)
    UPDATE                                   0x240002c0   Data           8  ad9959.o(.data)
    PS0                                      0x240002c8   Data           8  ad9959.o(.data)
    PS1                                      0x240002d0   Data           8  ad9959.o(.data)
    PS2                                      0x240002d8   Data           8  ad9959.o(.data)
    PS3                                      0x240002e0   Data           8  ad9959.o(.data)
    SinFre                                   0x240002e8   Data          16  ad9959.o(.data)
    SinAmp                                   0x240002f8   Data          16  ad9959.o(.data)
    SinPhr                                   0x24000308   Data          16  ad9959.o(.data)
    ad_val                                   0x24000318   Data          80  adc.o(.bss)
    ad_temp                                  0x24000368   Data          24  adc.o(.bss)
    hadc1                                    0x24000380   Data         100  adc.o(.bss)
    hadc3                                    0x240003e4   Data         100  adc.o(.bss)
    hdma_adc1                                0x24000448   Data         120  adc.o(.bss)
    SPI_Handler                              0x240004c0   Data         136  spi.o(.bss)
    hspi1                                    0x24000548   Data         136  spi.o(.bss)
    hspi2                                    0x240005d0   Data         136  spi.o(.bss)
    huart1                                   0x24000658   Data         148  usart.o(.bss)
    rx_buff                                  0x24000818   Data         100  tjc_usart.o(.bss)
    __initial_sp                             0x24000c80   Data           0  startup_stm32h743xx.o(STACK)



==============================================================================

Memory Map of the image

  Image Entry point : 0x08000299

  Load Region LR_IROM1 (Base: 0x08000000, Size: 0x00007490, Max: 0x00200000, ABSOLUTE, COMPRESSED[0x000071d4])

    Execution Region ER_IROM1 (Exec base: 0x08000000, Load base: 0x08000000, Size: 0x00007178, Max: 0x00200000, ABSOLUTE)

    Exec Addr    Load Addr    Size         Type   Attr      Idx    E Section Name        Object

    0x08000000   0x08000000   0x00000298   Data   RO            3    RESET               startup_stm32h743xx.o
    0x08000298   0x08000298   0x00000000   Code   RO         4697  * .ARM.Collect$$$$00000000  mc_w.l(entry.o)
    0x08000298   0x08000298   0x00000004   Code   RO         4732    .ARM.Collect$$$$00000001  mc_w.l(entry2.o)
    0x0800029c   0x0800029c   0x00000004   Code   RO         4735    .ARM.Collect$$$$00000004  mc_w.l(entry5.o)
    0x080002a0   0x080002a0   0x00000000   Code   RO         4737    .ARM.Collect$$$$00000008  mc_w.l(entry7b.o)
    0x080002a0   0x080002a0   0x00000000   Code   RO         4739    .ARM.Collect$$$$0000000A  mc_w.l(entry8b.o)
    0x080002a0   0x080002a0   0x00000008   Code   RO         4740    .ARM.Collect$$$$0000000B  mc_w.l(entry9a.o)
    0x080002a8   0x080002a8   0x00000000   Code   RO         4742    .ARM.Collect$$$$0000000D  mc_w.l(entry10a.o)
    0x080002a8   0x080002a8   0x00000000   Code   RO         4744    .ARM.Collect$$$$0000000F  mc_w.l(entry11a.o)
    0x080002a8   0x080002a8   0x00000004   Code   RO         4733    .ARM.Collect$$$$00002712  mc_w.l(entry2.o)
    0x080002ac   0x080002ac   0x0000002c   Code   RO            4    .text               startup_stm32h743xx.o
    0x080002d8   0x080002d8   0x00000062   Code   RO         4700    .text               mc_w.l(uldiv.o)
    0x0800033a   0x0800033a   0x00000024   Code   RO         4702    .text               mc_w.l(memseta.o)
    0x0800035e   0x0800035e   0x0000002c   Code   RO         4747    .text               mc_w.l(uidiv.o)
    0x0800038a   0x0800038a   0x0000001e   Code   RO         4749    .text               mc_w.l(llshl.o)
    0x080003a8   0x080003a8   0x00000020   Code   RO         4751    .text               mc_w.l(llushr.o)
    0x080003c8   0x080003c8   0x00000000   Code   RO         4753    .text               mc_w.l(iusefp.o)
    0x080003c8   0x080003c8   0x0000014e   Code   RO         4754    .text               mf_w.l(dadd.o)
    0x08000516   0x08000516   0x000000e4   Code   RO         4756    .text               mf_w.l(dmul.o)
    0x080005fa   0x080005fa   0x000000de   Code   RO         4758    .text               mf_w.l(ddiv.o)
    0x080006d8   0x080006d8   0x00000030   Code   RO         4760    .text               mf_w.l(dfixul.o)
    0x08000708   0x08000708   0x00000030   Code   RO         4762    .text               mf_w.l(cdrcmple.o)
    0x08000738   0x08000738   0x00000024   Code   RO         4764    .text               mc_w.l(init.o)
    0x0800075c   0x0800075c   0x00000024   Code   RO         4766    .text               mc_w.l(llsshr.o)
    0x08000780   0x08000780   0x000000ba   Code   RO         4768    .text               mf_w.l(depilogue.o)
    0x0800083a   0x0800083a   0x00000056   Code   RO         4778    .text               mc_w.l(__dczerorl2.o)
    0x08000890   0x08000890   0x00000016   Code   RO         4548    i.AD9959_error      ad9959.o
    0x080008a6   0x080008a6   0x00000002   PAD
    0x080008a8   0x080008a8   0x00000108   Code   RO          608    i.ADC_ConfigureBoostMode  stm32h7xx_hal_adc.o
    0x080009b0   0x080009b0   0x00000068   Code   RO          610    i.ADC_DMAConvCplt   stm32h7xx_hal_adc.o
    0x08000a18   0x08000a18   0x0000001a   Code   RO          611    i.ADC_DMAError      stm32h7xx_hal_adc.o
    0x08000a32   0x08000a32   0x0000000a   Code   RO          612    i.ADC_DMAHalfConvCplt  stm32h7xx_hal_adc.o
    0x08000a3c   0x08000a3c   0x00000070   Code   RO          613    i.ADC_Disable       stm32h7xx_hal_adc.o
    0x08000aac   0x08000aac   0x000000a8   Code   RO          614    i.ADC_Enable        stm32h7xx_hal_adc.o
    0x08000b54   0x08000b54   0x0000000c   Code   RO          488    i.ADC_IRQHandler    stm32h7xx_it.o
    0x08000b60   0x08000b60   0x00000002   Code   RO          489    i.BusFault_Handler  stm32h7xx_it.o
    0x08000b62   0x08000b62   0x00000002   PAD
    0x08000b64   0x08000b64   0x0000001c   Code   RO         4549    i.Channel_Select    ad9959.o
    0x08000b80   0x08000b80   0x0000000c   Code   RO          490    i.DMA2_Stream4_IRQHandler  stm32h7xx_it.o
    0x08000b8c   0x08000b8c   0x000000b4   Code   RO         1691    i.DMA_CalcBaseAndBitshift  stm32h7xx_hal_dma.o
    0x08000c40   0x08000c40   0x0000009c   Code   RO         1692    i.DMA_CalcDMAMUXChannelBaseAndMask  stm32h7xx_hal_dma.o
    0x08000cdc   0x08000cdc   0x00000074   Code   RO         1693    i.DMA_CalcDMAMUXRequestGenBaseAndMask  stm32h7xx_hal_dma.o
    0x08000d50   0x08000d50   0x00000054   Code   RO         1694    i.DMA_CheckFifoParam  stm32h7xx_hal_dma.o
    0x08000da4   0x08000da4   0x00000220   Code   RO         1695    i.DMA_SetConfig     stm32h7xx_hal_dma.o
    0x08000fc4   0x08000fc4   0x00000002   Code   RO          491    i.DebugMon_Handler  stm32h7xx_it.o
    0x08000fc6   0x08000fc6   0x00000004   Code   RO           13    i.Error_Handler     main.o
    0x08000fca   0x08000fca   0x00000002   PAD
    0x08000fcc   0x08000fcc   0x0000001c   Code   RO         4328    i.ExitRun0Mode      system_stm32h7xx.o
    0x08000fe8   0x08000fe8   0x00000016   Code   RO         4550    i.Get_Amplitude     ad9959.o
    0x08000ffe   0x08000ffe   0x00000002   PAD
    0x08001000   0x08001000   0x00000048   Code   RO         4551    i.Get_Frequency     ad9959.o
    0x08001048   0x08001048   0x0000009c   Code   RO          825    i.HAL_ADCEx_Calibration_Start  stm32h7xx_hal_adc_ex.o
    0x080010e4   0x080010e4   0x00000002   Code   RO          829    i.HAL_ADCEx_EndOfSamplingCallback  stm32h7xx_hal_adc_ex.o
    0x080010e6   0x080010e6   0x00000002   Code   RO          832    i.HAL_ADCEx_InjectedConvCpltCallback  stm32h7xx_hal_adc_ex.o
    0x080010e8   0x080010e8   0x00000002   Code   RO          835    i.HAL_ADCEx_InjectedQueueOverflowCallback  stm32h7xx_hal_adc_ex.o
    0x080010ea   0x080010ea   0x00000002   Code   RO          840    i.HAL_ADCEx_LevelOutOfWindow2Callback  stm32h7xx_hal_adc_ex.o
    0x080010ec   0x080010ec   0x00000002   Code   RO          841    i.HAL_ADCEx_LevelOutOfWindow3Callback  stm32h7xx_hal_adc_ex.o
    0x080010ee   0x080010ee   0x00000002   PAD
    0x080010f0   0x080010f0   0x00000128   Code   RO          845    i.HAL_ADCEx_MultiModeConfigChannel  stm32h7xx_hal_adc_ex.o
    0x08001218   0x08001218   0x00000420   Code   RO          616    i.HAL_ADC_ConfigChannel  stm32h7xx_hal_adc.o
    0x08001638   0x08001638   0x00000002   Code   RO          617    i.HAL_ADC_ConvCpltCallback  stm32h7xx_hal_adc.o
    0x0800163a   0x0800163a   0x00000002   Code   RO          618    i.HAL_ADC_ConvHalfCpltCallback  stm32h7xx_hal_adc.o
    0x0800163c   0x0800163c   0x00000002   Code   RO          620    i.HAL_ADC_ErrorCallback  stm32h7xx_hal_adc.o
    0x0800163e   0x0800163e   0x00000006   Code   RO          623    i.HAL_ADC_GetValue  stm32h7xx_hal_adc.o
    0x08001644   0x08001644   0x00000290   Code   RO          624    i.HAL_ADC_IRQHandler  stm32h7xx_hal_adc.o
    0x080018d4   0x080018d4   0x00000228   Code   RO          625    i.HAL_ADC_Init      stm32h7xx_hal_adc.o
    0x08001afc   0x08001afc   0x00000002   Code   RO          626    i.HAL_ADC_LevelOutOfWindowCallback  stm32h7xx_hal_adc.o
    0x08001afe   0x08001afe   0x00000002   PAD
    0x08001b00   0x08001b00   0x000000f8   Code   RO          262    i.HAL_ADC_MspInit   adc.o
    0x08001bf8   0x08001bf8   0x00000124   Code   RO          629    i.HAL_ADC_PollForConversion  stm32h7xx_hal_adc.o
    0x08001d1c   0x08001d1c   0x00000108   Code   RO          631    i.HAL_ADC_Start     stm32h7xx_hal_adc.o
    0x08001e24   0x08001e24   0x00000108   Code   RO          632    i.HAL_ADC_Start_DMA  stm32h7xx_hal_adc.o
    0x08001f2c   0x08001f2c   0x000006e8   Code   RO         1701    i.HAL_DMA_IRQHandler  stm32h7xx_hal_dma.o
    0x08002614   0x08002614   0x000003c4   Code   RO         1702    i.HAL_DMA_Init      stm32h7xx_hal_dma.o
    0x080029d8   0x080029d8   0x0000029c   Code   RO         1706    i.HAL_DMA_Start_IT  stm32h7xx_hal_dma.o
    0x08002c74   0x08002c74   0x00000024   Code   RO         2558    i.HAL_Delay         stm32h7xx_hal.o
    0x08002c98   0x08002c98   0x0000022c   Code   RO         1544    i.HAL_GPIO_Init     stm32h7xx_hal_gpio.o
    0x08002ec4   0x08002ec4   0x0000000a   Code   RO         1546    i.HAL_GPIO_ReadPin  stm32h7xx_hal_gpio.o
    0x08002ece   0x08002ece   0x0000000a   Code   RO         1548    i.HAL_GPIO_WritePin  stm32h7xx_hal_gpio.o
    0x08002ed8   0x08002ed8   0x0000000c   Code   RO         2569    i.HAL_GetREVID      stm32h7xx_hal.o
    0x08002ee4   0x08002ee4   0x0000000c   Code   RO         2570    i.HAL_GetTick       stm32h7xx_hal.o
    0x08002ef0   0x08002ef0   0x00000010   Code   RO         2576    i.HAL_IncTick       stm32h7xx_hal.o
    0x08002f00   0x08002f00   0x0000005c   Code   RO         2577    i.HAL_Init          stm32h7xx_hal.o
    0x08002f5c   0x08002f5c   0x00000040   Code   RO         2578    i.HAL_InitTick      stm32h7xx_hal.o
    0x08002f9c   0x08002f9c   0x0000005c   Code   RO         2399    i.HAL_MPU_ConfigRegion  stm32h7xx_hal_cortex.o
    0x08002ff8   0x08002ff8   0x0000001c   Code   RO         2400    i.HAL_MPU_Disable   stm32h7xx_hal_cortex.o
    0x08003014   0x08003014   0x00000024   Code   RO         2402    i.HAL_MPU_Enable    stm32h7xx_hal_cortex.o
    0x08003038   0x08003038   0x0000001c   Code   RO          580    i.HAL_MspInit       stm32h7xx_hal_msp.o
    0x08003054   0x08003054   0x0000001a   Code   RO         2406    i.HAL_NVIC_EnableIRQ  stm32h7xx_hal_cortex.o
    0x0800306e   0x0800306e   0x00000002   PAD
    0x08003070   0x08003070   0x00000040   Code   RO         2412    i.HAL_NVIC_SetPriority  stm32h7xx_hal_cortex.o
    0x080030b0   0x080030b0   0x00000024   Code   RO         2413    i.HAL_NVIC_SetPriorityGrouping  stm32h7xx_hal_cortex.o
    0x080030d4   0x080030d4   0x00000054   Code   RO         2145    i.HAL_PWREx_ConfigSupply  stm32h7xx_hal_pwr_ex.o
    0x08003128   0x08003128   0x00000024   Code   RO         1165    i.HAL_RCCEx_GetD3PCLK1Freq  stm32h7xx_hal_rcc_ex.o
    0x0800314c   0x0800314c   0x00000148   Code   RO         1166    i.HAL_RCCEx_GetPLL1ClockFreq  stm32h7xx_hal_rcc_ex.o
    0x08003294   0x08003294   0x00000144   Code   RO         1167    i.HAL_RCCEx_GetPLL2ClockFreq  stm32h7xx_hal_rcc_ex.o
    0x080033d8   0x080033d8   0x00000144   Code   RO         1168    i.HAL_RCCEx_GetPLL3ClockFreq  stm32h7xx_hal_rcc_ex.o
    0x0800351c   0x0800351c   0x000002c8   Code   RO         1170    i.HAL_RCCEx_GetPeriphCLKFreq  stm32h7xx_hal_rcc_ex.o
    0x080037e4   0x080037e4   0x000009ac   Code   RO         1174    i.HAL_RCCEx_PeriphCLKConfig  stm32h7xx_hal_rcc_ex.o
    0x08004190   0x08004190   0x0000025c   Code   RO         1050    i.HAL_RCC_ClockConfig  stm32h7xx_hal_rcc.o
    0x080043ec   0x080043ec   0x00000044   Code   RO         1055    i.HAL_RCC_GetHCLKFreq  stm32h7xx_hal_rcc.o
    0x08004430   0x08004430   0x00000024   Code   RO         1057    i.HAL_RCC_GetPCLK1Freq  stm32h7xx_hal_rcc.o
    0x08004454   0x08004454   0x00000024   Code   RO         1058    i.HAL_RCC_GetPCLK2Freq  stm32h7xx_hal_rcc.o
    0x08004478   0x08004478   0x00000138   Code   RO         1059    i.HAL_RCC_GetSysClockFreq  stm32h7xx_hal_rcc.o
    0x080045b0   0x080045b0   0x00000582   Code   RO         1062    i.HAL_RCC_OscConfig  stm32h7xx_hal_rcc.o
    0x08004b32   0x08004b32   0x00000002   PAD
    0x08004b34   0x08004b34   0x0000017c   Code   RO         3472    i.HAL_SPI_Init      stm32h7xx_hal_spi.o
    0x08004cb0   0x08004cb0   0x00000100   Code   RO          379    i.HAL_SPI_MspInit   spi.o
    0x08004db0   0x08004db0   0x00000010   Code   RO         2582    i.HAL_SYSCFG_AnalogSwitchConfig  stm32h7xx_hal.o
    0x08004dc0   0x08004dc0   0x00000026   Code   RO         2417    i.HAL_SYSTICK_Config  stm32h7xx_hal_cortex.o
    0x08004de6   0x08004de6   0x00000040   Code   RO         4210    i.HAL_UARTEx_DisableFifoMode  stm32h7xx_hal_uart_ex.o
    0x08004e26   0x08004e26   0x0000004c   Code   RO         4219    i.HAL_UARTEx_SetRxFifoThreshold  stm32h7xx_hal_uart_ex.o
    0x08004e72   0x08004e72   0x0000004c   Code   RO         4220    i.HAL_UARTEx_SetTxFifoThreshold  stm32h7xx_hal_uart_ex.o
    0x08004ebe   0x08004ebe   0x0000006a   Code   RO         3819    i.HAL_UART_Init     stm32h7xx_hal_uart.o
    0x08004f28   0x08004f28   0x00000088   Code   RO          443    i.HAL_UART_MspInit  usart.o
    0x08004fb0   0x08004fb0   0x000000b0   Code   RO         3828    i.HAL_UART_Transmit  stm32h7xx_hal_uart.o
    0x08005060   0x08005060   0x00000002   Code   RO          492    i.HardFault_Handler  stm32h7xx_it.o
    0x08005062   0x08005062   0x00000002   PAD
    0x08005064   0x08005064   0x0000002c   Code   RO         4552    i.IO_Update         ad9959.o
    0x08005090   0x08005090   0x00000008   Code   RO          637    i.LL_ADC_INJ_IsConversionOngoing  stm32h7xx_hal_adc.o
    0x08005098   0x08005098   0x00000008   Code   RO          638    i.LL_ADC_REG_IsConversionOngoing  stm32h7xx_hal_adc.o
    0x080050a0   0x080050a0   0x00000008   Code   RO          855    i.LL_ADC_REG_IsConversionOngoing  stm32h7xx_hal_adc_ex.o
    0x080050a8   0x080050a8   0x00000010   Code   RO          639    i.LL_ADC_REG_IsTriggerSourceSWStart  stm32h7xx_hal_adc.o
    0x080050b8   0x080050b8   0x000001b4   Code   RO          263    i.MX_ADC1_Init      adc.o
    0x0800526c   0x0800526c   0x000000cc   Code   RO          264    i.MX_ADC3_Init      adc.o
    0x08005338   0x08005338   0x0000002c   Code   RO          328    i.MX_DMA_Init       dma.o
    0x08005364   0x08005364   0x00000148   Code   RO          229    i.MX_GPIO_Init      gpio.o
    0x080054ac   0x080054ac   0x00000058   Code   RO          380    i.MX_SPI1_Init      spi.o
    0x08005504   0x08005504   0x00000058   Code   RO          381    i.MX_SPI2_Init      spi.o
    0x0800555c   0x0800555c   0x00000068   Code   RO          444    i.MX_USART1_UART_Init  usart.o
    0x080055c4   0x080055c4   0x00000002   Code   RO          493    i.MemManage_Handler  stm32h7xx_it.o
    0x080055c6   0x080055c6   0x00000002   Code   RO          494    i.NMI_Handler       stm32h7xx_it.o
    0x080055c8   0x080055c8   0x00000002   Code   RO          495    i.PendSV_Handler    stm32h7xx_it.o
    0x080055ca   0x080055ca   0x00000040   Code   RO           14    i.PeriphCommonClock_Config  main.o
    0x0800560a   0x0800560a   0x00000002   PAD
    0x0800560c   0x0800560c   0x00000120   Code   RO         1177    i.RCCEx_PLL2_Config  stm32h7xx_hal_rcc_ex.o
    0x0800572c   0x0800572c   0x00000120   Code   RO         1178    i.RCCEx_PLL3_Config  stm32h7xx_hal_rcc_ex.o
    0x0800584c   0x0800584c   0x00000140   Code   RO         4556    i.ReadData_AD9959   ad9959.o
    0x0800598c   0x0800598c   0x00000002   Code   RO          496    i.SVC_Handler       stm32h7xx_it.o
    0x0800598e   0x0800598e   0x00000002   PAD
    0x08005990   0x08005990   0x0000006c   Code   RO         4426    i.Serial_TJC_SendTxt  tjc_usart.o
    0x080059fc   0x080059fc   0x00000148   Code   RO          265    i.ShowADCResult     adc.o
    0x08005b44   0x08005b44   0x00000004   Code   RO          497    i.SysTick_Handler   stm32h7xx_it.o
    0x08005b48   0x08005b48   0x000000a8   Code   RO           15    i.SystemClock_Config  main.o
    0x08005bf0   0x08005bf0   0x000000f8   Code   RO         4330    i.SystemInit        system_stm32h7xx.o
    0x08005ce8   0x08005ce8   0x00000044   Code   RO         4224    i.UARTEx_SetNbDataToProcess  stm32h7xx_hal_uart_ex.o
    0x08005d2c   0x08005d2c   0x000000c8   Code   RO         3833    i.UART_AdvFeatureConfig  stm32h7xx_hal_uart.o
    0x08005df4   0x08005df4   0x000000aa   Code   RO         3834    i.UART_CheckIdleState  stm32h7xx_hal_uart.o
    0x08005e9e   0x08005e9e   0x00000002   PAD
    0x08005ea0   0x08005ea0   0x00000054   Code   RO         3845    i.UART_EndRxTransfer  stm32h7xx_hal_uart.o
    0x08005ef4   0x08005ef4   0x000003ac   Code   RO         3851    i.UART_SetConfig    stm32h7xx_hal_uart.o
    0x080062a0   0x080062a0   0x00000094   Code   RO         3858    i.UART_WaitOnFlagUntilTimeout  stm32h7xx_hal_uart.o
    0x08006334   0x08006334   0x00000002   Code   RO          498    i.UsageFault_Handler  stm32h7xx_it.o
    0x08006336   0x08006336   0x00000002   PAD
    0x08006338   0x08006338   0x00000104   Code   RO         4558    i.WriteData_AD9959  ad9959.o
    0x0800643c   0x0800643c   0x00000040   Code   RO         4559    i.Write_Amplitude   ad9959.o
    0x0800647c   0x0800647c   0x00000070   Code   RO         4561    i.Write_frequency   ad9959.o
    0x080064ec   0x080064ec   0x00000024   Code   RO         4711    i.__0vsprintf       mc_w.l(printfa.o)
    0x08006510   0x08006510   0x00000022   Code   RO         2419    i.__NVIC_SetPriority  stm32h7xx_hal_cortex.o
    0x08006532   0x08006532   0x0000000e   Code   RO         4772    i.__scatterload_copy  mc_w.l(handlers.o)
    0x08006540   0x08006540   0x00000002   Code   RO         4773    i.__scatterload_null  mc_w.l(handlers.o)
    0x08006542   0x08006542   0x0000000e   Code   RO         4774    i.__scatterload_zeroinit  mc_w.l(handlers.o)
    0x08006550   0x08006550   0x00000184   Code   RO         4712    i._fp_digits        mc_w.l(printfa.o)
    0x080066d4   0x080066d4   0x000006dc   Code   RO         4713    i._printf_core      mc_w.l(printfa.o)
    0x08006db0   0x08006db0   0x00000024   Code   RO         4714    i._printf_post_padding  mc_w.l(printfa.o)
    0x08006dd4   0x08006dd4   0x0000002e   Code   RO         4715    i._printf_pre_padding  mc_w.l(printfa.o)
    0x08006e02   0x08006e02   0x0000000a   Code   RO         4717    i._sputc            mc_w.l(printfa.o)
    0x08006e0c   0x08006e0c   0x0000000c   Code   RO         4562    i.delay_9959        ad9959.o
    0x08006e18   0x08006e18   0x00000080   Code   RO          266    i.get_GPU_Temperature  adc.o
    0x08006e98   0x08006e98   0x00000208   Code   RO           16    i.main              main.o
    0x080070a0   0x080070a0   0x00000038   Code   RO         4430    i.printf_s          tjc_usart.o
    0x080070d8   0x080070d8   0x00000040   Code   RO          267    i.show_GPU_temprature  adc.o
    0x08007118   0x08007118   0x00000008   Data   RO         1708    .constdata          stm32h7xx_hal_dma.o
    0x08007120   0x08007120   0x00000018   Data   RO         3859    .constdata          stm32h7xx_hal_uart.o
    0x08007138   0x08007138   0x00000010   Data   RO         4225    .constdata          stm32h7xx_hal_uart_ex.o
    0x08007148   0x08007148   0x00000010   Data   RO         4331    .constdata          system_stm32h7xx.o
    0x08007158   0x08007158   0x00000020   Data   RO         4770    Region$$Table       anon$$obj.o


    Execution Region RW_IRAM1 (Exec base: 0x20000000, Load base: 0x08007178, Size: 0x00000000, Max: 0x00020000, ABSOLUTE)

    **** No section assigned to this execution region ****


    Execution Region RW_IRAM2 (Exec base: 0x24000000, Load base: 0x08007178, Size: 0x00000c80, Max: 0x00080000, ABSOLUTE, COMPRESSED[0x0000005c])

    Exec Addr    Load Addr    Size         Type   Attr      Idx    E Section Name        Object

    0x24000000   COMPRESSED   0x00000258   Data   RW          268    .ARM.__at_0x24000000  adc.o
    0x24000258   COMPRESSED   0x0000000c   Data   RW           19    .data               main.o
    0x24000264   COMPRESSED   0x0000000c   Data   RW         2599    .data               stm32h7xx_hal.o
    0x24000270   COMPRESSED   0x00000008   Data   RW         4332    .data               system_stm32h7xx.o
    0x24000278   COMPRESSED   0x000000a0   Data   RW         4563    .data               ad9959.o
    0x24000318        -       0x000001a8   Zero   RW          269    .bss                adc.o
    0x240004c0        -       0x00000198   Zero   RW          384    .bss                spi.o
    0x24000658        -       0x00000094   Zero   RW          445    .bss                usart.o
    0x240006ec        -       0x00000190   Zero   RW         4431    .bss                tjc_usart.o
    0x2400087c   COMPRESSED   0x00000004   PAD
    0x24000880        -       0x00000400   Zero   RW            1    STACK               startup_stm32h743xx.o


==============================================================================

Image component sizes


      Code (inc. data)   RO Data    RW Data    ZI Data      Debug   Object Name

       956         48          0        160          0       8421   ad9959.o
      1408        398          0        600        424       5105   adc.o
        44          4          0          0          0        910   dma.o
       328         26          0          0          0       1227   gpio.o
       756        128          0         12          0    1337851   main.o
       432         38          0          0        408       2875   spi.o
        44         12        664          0       1024        844   startup_stm32h743xx.o
       248         48          0         12          0      24200   stm32h7xx_hal.o
      3814        320          0          0          0      81451   stm32h7xx_hal_adc.o
       470         32          0          0          0      67366   stm32h7xx_hal_adc_ex.o
       354         28          0          0          0      42005   stm32h7xx_hal_cortex.o
      4480        176          8          0          0      10019   stm32h7xx_hal_dma.o
       576         50          0          0          0       3011   stm32h7xx_hal_gpio.o
        28          6          0          0          0        950   stm32h7xx_hal_msp.o
        84          6          0          0          0        797   stm32h7xx_hal_pwr_ex.o
      2466        102          0          0          0       7228   stm32h7xx_hal_rcc.o
      4776        174          0          0          0      10639   stm32h7xx_hal_rcc_ex.o
       380         14          0          0          0       1727   stm32h7xx_hal_spi.o
      1824        112         24          0          0      26926   stm32h7xx_hal_uart.o
       284          6         16          0          0       3857   stm32h7xx_hal_uart_ex.o
        44         12          0          0          0       5181   stm32h7xx_it.o
       276         48         16          8          0       2097   system_stm32h7xx.o
       164         64          0          0        400       2636   tjc_usart.o
       240         24          0          0        148       1966   usart.o

    ----------------------------------------------------------------------
     24502       1876        760        792       2408    1649289   Object Totals
         0          0         32          0          0          0   (incl. Generated)
        26          0          0          0          4          0   (incl. Padding)

    ----------------------------------------------------------------------

      Code (inc. data)   RO Data    RW Data    ZI Data      Debug   Library Member Name

        86          0          0          0          0          0   __dczerorl2.o
         0          0          0          0          0          0   entry.o
         0          0          0          0          0          0   entry10a.o
         0          0          0          0          0          0   entry11a.o
         8          4          0          0          0          0   entry2.o
         4          0          0          0          0          0   entry5.o
         0          0          0          0          0          0   entry7b.o
         0          0          0          0          0          0   entry8b.o
         8          4          0          0          0          0   entry9a.o
        30          0          0          0          0          0   handlers.o
        36          8          0          0          0         68   init.o
         0          0          0          0          0          0   iusefp.o
        30          0          0          0          0         68   llshl.o
        36          0          0          0          0         68   llsshr.o
        32          0          0          0          0         68   llushr.o
        36          0          0          0          0        108   memseta.o
      2272         86          0          0          0        516   printfa.o
        44          0          0          0          0         80   uidiv.o
        98          0          0          0          0         92   uldiv.o
        48          0          0          0          0         68   cdrcmple.o
       334          0          0          0          0        148   dadd.o
       222          0          0          0          0        100   ddiv.o
       186          0          0          0          0        176   depilogue.o
        48          0          0          0          0         68   dfixul.o
       228          0          0          0          0         96   dmul.o

    ----------------------------------------------------------------------
      3786        102          0          0          0       1724   Library Totals
         0          0          0          0          0          0   (incl. Padding)

    ----------------------------------------------------------------------

      Code (inc. data)   RO Data    RW Data    ZI Data      Debug   Library Name

      2720        102          0          0          0       1068   mc_w.l
      1066          0          0          0          0        656   mf_w.l

    ----------------------------------------------------------------------
      3786        102          0          0          0       1724   Library Totals

    ----------------------------------------------------------------------

==============================================================================


      Code (inc. data)   RO Data    RW Data    ZI Data      Debug   

     28288       1978        760        792       2408    1639013   Grand Totals
     28288       1978        760         92       2408    1639013   ELF Image Totals (compressed)
     28288       1978        760         92          0          0   ROM Totals

==============================================================================

    Total RO  Size (Code + RO Data)                29048 (  28.37kB)
    Total RW  Size (RW Data + ZI Data)              3200 (   3.13kB)
    Total ROM Size (Code + RO Data + RW Data)      29140 (  28.46kB)

==============================================================================

