<html>
<body>
<pre>
<h1>µVision Build Log</h1>
<h2>Tool Versions:</h2>
IDE-Version: ¦ÌVision V5.28.0.0
Copyright (C) 2019 ARM Ltd and ARM Germany GmbH. All rights reserved.
License Information: devi dave43225977@outlook.com,  , LIC=X96CK-ZBBTZ-DYUV3-A30CR-9FM8V-M5I14
 
Tool Versions:
Toolchain:       MDK-ARM Plus  Version: 5.28.0.0
Toolchain Path:  D:\Software\Program_Software\MicroelectricalControlUnit\Keil-ARM\Core\ARM\ARMCC\Bin
C Compiler:      Armcc.exe V5.06 update 6 (build 750)
Assembler:       Armasm.exe V5.06 update 6 (build 750)
Linker/Locator:  ArmLink.exe V5.06 update 6 (build 750)
Library Manager: ArmAr.exe V5.06 update 6 (build 750)
Hex Converter:   FromElf.exe V5.06 update 6 (build 750)
CPU DLL:         SARMCM3.DLL V5.28.0.0
Dialog DLL:      DCM.DLL V1.17.3.0
Target DLL:      STLink\ST-LINKIII-KEIL_SWO.dll V3.0.6.0
Dialog DLL:      TCM.DLL V1.36.2.0
 
<h2>Project:</h2>
D:\Exercise Program\STM32H743\TEST\STI-19D\MDK-ARM\TES.uvprojx
Project File Date:  04/14/2025

<h2>Output:</h2>
*** Using Compiler 'V5.06 update 6 (build 750)', folder: 'D:\Software\Program_Software\MicroelectricalControlUnit\Keil-ARM\Core\ARM\ARMCC\Bin'
Build target 'TES'
compiling main.c...
../Hardware/TJC_Usart/TJC_Usart.h(27): warning:  #1295-D: Deprecated declaration MyUart_task - give arg types
  void MyUart_task();
../Core/Inc/adc.h(53): warning:  #1295-D: Deprecated declaration show_GPU_temprature - give arg types
  void show_GPU_temprature();
../Core/Src/main.c: 2 warnings, 0 errors
linking...
Program Size: Code=28288 RO-data=760 RW-data=792 ZI-data=2408  
FromELF: creating hex file...
"TES\TES.axf" - 0 Error(s), 2 Warning(s).

<h2>Software Packages used:</h2>

Package Vendor: ARM
                http://www.keil.com/pack/ARM.CMSIS.5.5.1.pack
                ARM.CMSIS.5.5.1
                CMSIS (Cortex Microcontroller Software Interface Standard)
   * Component: CORE Version: 5.2.0

Package Vendor: Keil
                https://www.keil.com/pack/Keil.STM32H7xx_DFP.3.1.0.pack
                Keil.STM32H7xx_DFP.3.1.0
                STMicroelectronics STM32H7 Series Device Support and Examples

<h2>Collection of Component include folders:</h2>
  .\RTE\_TES
  D:\Software\Program_Software\MicroelectricalControlUnit\Keil-ARM\Pack\ARM\CMSIS\5.5.1\CMSIS\Core\Include
  D:\Software\Program_Software\MicroelectricalControlUnit\Keil-ARM\Pack\Keil\STM32H7xx_DFP\3.1.0\Drivers\CMSIS\Device\ST\STM32H7xx\Include

<h2>Collection of Component Files used:</h2>

   * Component: ARM::CMSIS:CORE:5.2.0
Build Time Elapsed:  00:00:04
</pre>
</body>
</html>
