Component: ARM Compiler 5.06 update 6 (build 750) Tool: armlink [4d35ed]

==============================================================================

Section Cross References

    startup_stm32h743xx.o(STACK) refers (Special) to heapauxi.o(.text) for __use_two_region_memory
    startup_stm32h743xx.o(HEAP) refers (Special) to heapauxi.o(.text) for __use_two_region_memory
    startup_stm32h743xx.o(RESET) refers (Special) to heapauxi.o(.text) for __use_two_region_memory
    startup_stm32h743xx.o(RESET) refers to startup_stm32h743xx.o(STACK) for __initial_sp
    startup_stm32h743xx.o(RESET) refers to startup_stm32h743xx.o(.text) for Reset_Handler
    startup_stm32h743xx.o(RESET) refers to stm32h7xx_it.o(i.NMI_Handler) for NMI_Handler
    startup_stm32h743xx.o(RESET) refers to stm32h7xx_it.o(i.HardFault_Handler) for HardFault_Handler
    startup_stm32h743xx.o(RESET) refers to stm32h7xx_it.o(i.MemManage_Handler) for MemManage_Handler
    startup_stm32h743xx.o(RESET) refers to stm32h7xx_it.o(i.BusFault_Handler) for BusFault_Handler
    startup_stm32h743xx.o(RESET) refers to stm32h7xx_it.o(i.UsageFault_Handler) for UsageFault_Handler
    startup_stm32h743xx.o(RESET) refers to stm32h7xx_it.o(i.SVC_Handler) for SVC_Handler
    startup_stm32h743xx.o(RESET) refers to stm32h7xx_it.o(i.DebugMon_Handler) for DebugMon_Handler
    startup_stm32h743xx.o(RESET) refers to stm32h7xx_it.o(i.PendSV_Handler) for PendSV_Handler
    startup_stm32h743xx.o(RESET) refers to stm32h7xx_it.o(i.SysTick_Handler) for SysTick_Handler
    startup_stm32h743xx.o(RESET) refers to stm32h7xx_it.o(i.EXTI3_IRQHandler) for EXTI3_IRQHandler
    startup_stm32h743xx.o(RESET) refers to stm32h7xx_it.o(i.DMA1_Stream0_IRQHandler) for DMA1_Stream0_IRQHandler
    startup_stm32h743xx.o(RESET) refers to stm32h7xx_it.o(i.DMA1_Stream1_IRQHandler) for DMA1_Stream1_IRQHandler
    startup_stm32h743xx.o(RESET) refers to stm32h7xx_it.o(i.EXTI9_5_IRQHandler) for EXTI9_5_IRQHandler
    startup_stm32h743xx.o(RESET) refers to stm32h7xx_it.o(i.USART1_IRQHandler) for USART1_IRQHandler
    startup_stm32h743xx.o(RESET) refers to stm32h7xx_it.o(i.TIM7_IRQHandler) for TIM7_IRQHandler
    startup_stm32h743xx.o(.text) refers (Special) to heapauxi.o(.text) for __use_two_region_memory
    startup_stm32h743xx.o(.text) refers to system_stm32h7xx.o(i.ExitRun0Mode) for ExitRun0Mode
    startup_stm32h743xx.o(.text) refers to system_stm32h7xx_1.o(i.ExitRun0Mode) for ExitRun0Mode
    startup_stm32h743xx.o(.text) refers to system_stm32h7xx.o(i.SystemInit) for SystemInit
    startup_stm32h743xx.o(.text) refers to system_stm32h7xx_1.o(i.SystemInit) for SystemInit
    startup_stm32h743xx.o(.text) refers to __main.o(!!!main) for __main
    startup_stm32h743xx.o(.text) refers to startup_stm32h743xx.o(HEAP) for Heap_Mem
    startup_stm32h743xx.o(.text) refers to startup_stm32h743xx.o(STACK) for Stack_Mem
    main.o(i.SystemClock_Config) refers to stm32h7xx_ll_utils.o(i.LL_Init1msTick) for LL_Init1msTick
    main.o(i.SystemClock_Config) refers to stm32h7xx_ll_utils.o(i.LL_SetSystemCoreClock) for LL_SetSystemCoreClock
    main.o(i.main) refers to main.o(i.SystemClock_Config) for SystemClock_Config
    main.o(i.main) refers to gpio.o(i.MX_GPIO_Init) for MX_GPIO_Init
    main.o(i.main) refers to dma.o(i.MX_DMA_Init) for MX_DMA_Init
    main.o(i.main) refers to usart.o(i.MX_USART1_UART_Init) for MX_USART1_UART_Init
    main.o(i.main) refers to tim.o(i.MX_TIM7_Init) for MX_TIM7_Init
    main.o(i.main) refers to bsp_timer.o(i.bsp_Timer_Init) for bsp_Timer_Init
    main.o(i.main) refers to tjc_usart.o(i.TJC_PagaInit) for TJC_PagaInit
    main.o(i.main) refers to tjc_usart.o(i.TJC_DMA_SendTxt_SHOW_s) for TJC_DMA_SendTxt_SHOW_s
    main.o(i.main) refers to bsp_timer.o(i.delay_ms) for delay_ms
    main.o(i.main) refers to bsp_timer.o(.data) for bspTick
    gpio.o(i.MX_GPIO_Init) refers to stm32h7xx_ll_exti.o(i.LL_EXTI_Init) for LL_EXTI_Init
    gpio.o(i.MX_GPIO_Init) refers to stm32h7xx_ll_gpio.o(i.LL_GPIO_Init) for LL_GPIO_Init
    tim.o(i.MX_TIM7_Init) refers to stm32h7xx_ll_tim.o(i.LL_TIM_Init) for LL_TIM_Init
    usart.o(i.MX_USART1_UART_Init) refers to stm32h7xx_ll_gpio.o(i.LL_GPIO_Init) for LL_GPIO_Init
    usart.o(i.MX_USART1_UART_Init) refers to stm32h7xx_ll_usart.o(i.LL_USART_Init) for LL_USART_Init
    usart.o(i.MX_USART1_UART_Init) refers to tjc_usart.o(i.DMA_USART1_UART_Init) for DMA_USART1_UART_Init
    usart.o(i.MX_USART1_UART_Init) refers to usart.o(.constdata) for .constdata
    stm32h7xx_it.o(i.DMA1_Stream0_IRQHandler) refers to tjc_usart.o(i.TJC_DMA_SendString_s) for TJC_DMA_SendString_s
    stm32h7xx_it.o(i.DMA1_Stream1_IRQHandler) refers to tjc_usart.o(i.TJC_DMA_SendString_s) for TJC_DMA_SendString_s
    stm32h7xx_it.o(i.EXTI3_IRQHandler) refers to led.o(i.LED_TURN) for LED_TURN
    stm32h7xx_it.o(i.TIM7_IRQHandler) refers to bsp_timer.o(i.Update_SystemTick) for Update_SystemTick
    system_stm32h7xx.o(i.SystemCoreClockUpdate) refers to system_stm32h7xx.o(.constdata) for .constdata
    system_stm32h7xx.o(i.SystemCoreClockUpdate) refers to system_stm32h7xx.o(.data) for .data
    stm32h7xx_ll_dma.o(i.LL_DMA_DeInit) refers to stm32h7xx_ll_dma.o(.constdata) for .constdata
    stm32h7xx_ll_dma.o(i.LL_DMA_Init) refers to stm32h7xx_ll_dma.o(.constdata) for .constdata
    stm32h7xx_ll_rcc.o(i.LL_RCC_GetADCClockFreq) refers to stm32h7xx_ll_rcc.o(i.LL_RCC_GetCLKPClockFreq) for LL_RCC_GetCLKPClockFreq
    stm32h7xx_ll_rcc.o(i.LL_RCC_GetADCClockFreq) refers to stm32h7xx_ll_rcc.o(i.LL_RCC_GetPLL2ClockFreq) for LL_RCC_GetPLL2ClockFreq
    stm32h7xx_ll_rcc.o(i.LL_RCC_GetADCClockFreq) refers to stm32h7xx_ll_rcc.o(i.LL_RCC_GetPLL3ClockFreq) for LL_RCC_GetPLL3ClockFreq
    stm32h7xx_ll_rcc.o(i.LL_RCC_GetDFSDMClockFreq) refers to stm32h7xx_ll_rcc.o(i.RCC_GetSystemClockFreq) for RCC_GetSystemClockFreq
    stm32h7xx_ll_rcc.o(i.LL_RCC_GetDFSDMClockFreq) refers to stm32h7xx_ll_rcc.o(.constdata) for .constdata
    stm32h7xx_ll_rcc.o(i.LL_RCC_GetFDCANClockFreq) refers to stm32h7xx_ll_rcc.o(i.LL_RCC_GetPLL2ClockFreq) for LL_RCC_GetPLL2ClockFreq
    stm32h7xx_ll_rcc.o(i.LL_RCC_GetFDCANClockFreq) refers to stm32h7xx_ll_rcc.o(i.LL_RCC_GetPLL1ClockFreq) for LL_RCC_GetPLL1ClockFreq
    stm32h7xx_ll_rcc.o(i.LL_RCC_GetFMCClockFreq) refers to stm32h7xx_ll_rcc.o(i.LL_RCC_GetCLKPClockFreq) for LL_RCC_GetCLKPClockFreq
    stm32h7xx_ll_rcc.o(i.LL_RCC_GetFMCClockFreq) refers to stm32h7xx_ll_rcc.o(i.RCC_GetSystemClockFreq) for RCC_GetSystemClockFreq
    stm32h7xx_ll_rcc.o(i.LL_RCC_GetFMCClockFreq) refers to stm32h7xx_ll_rcc.o(i.LL_RCC_GetPLL1ClockFreq) for LL_RCC_GetPLL1ClockFreq
    stm32h7xx_ll_rcc.o(i.LL_RCC_GetFMCClockFreq) refers to stm32h7xx_ll_rcc.o(i.LL_RCC_GetPLL2ClockFreq) for LL_RCC_GetPLL2ClockFreq
    stm32h7xx_ll_rcc.o(i.LL_RCC_GetFMCClockFreq) refers to stm32h7xx_ll_rcc.o(.constdata) for .constdata
    stm32h7xx_ll_rcc.o(i.LL_RCC_GetI2CClockFreq) refers to stm32h7xx_ll_rcc.o(i.LL_RCC_GetPLL3ClockFreq) for LL_RCC_GetPLL3ClockFreq
    stm32h7xx_ll_rcc.o(i.LL_RCC_GetI2CClockFreq) refers to stm32h7xx_ll_rcc.o(i.RCC_GetSystemClockFreq) for RCC_GetSystemClockFreq
    stm32h7xx_ll_rcc.o(i.LL_RCC_GetI2CClockFreq) refers to stm32h7xx_ll_rcc.o(.constdata) for .constdata
    stm32h7xx_ll_rcc.o(i.LL_RCC_GetLPTIMClockFreq) refers to stm32h7xx_ll_rcc.o(i.LL_RCC_GetPLL3ClockFreq) for LL_RCC_GetPLL3ClockFreq
    stm32h7xx_ll_rcc.o(i.LL_RCC_GetLPTIMClockFreq) refers to stm32h7xx_ll_rcc.o(i.LL_RCC_GetCLKPClockFreq) for LL_RCC_GetCLKPClockFreq
    stm32h7xx_ll_rcc.o(i.LL_RCC_GetLPTIMClockFreq) refers to stm32h7xx_ll_rcc.o(i.RCC_GetSystemClockFreq) for RCC_GetSystemClockFreq
    stm32h7xx_ll_rcc.o(i.LL_RCC_GetLPTIMClockFreq) refers to stm32h7xx_ll_rcc.o(i.LL_RCC_GetPLL2ClockFreq) for LL_RCC_GetPLL2ClockFreq
    stm32h7xx_ll_rcc.o(i.LL_RCC_GetLPTIMClockFreq) refers to stm32h7xx_ll_rcc.o(.constdata) for .constdata
    stm32h7xx_ll_rcc.o(i.LL_RCC_GetLPUARTClockFreq) refers to stm32h7xx_ll_rcc.o(i.RCC_GetSystemClockFreq) for RCC_GetSystemClockFreq
    stm32h7xx_ll_rcc.o(i.LL_RCC_GetLPUARTClockFreq) refers to stm32h7xx_ll_rcc.o(i.LL_RCC_GetPLL2ClockFreq) for LL_RCC_GetPLL2ClockFreq
    stm32h7xx_ll_rcc.o(i.LL_RCC_GetLPUARTClockFreq) refers to stm32h7xx_ll_rcc.o(i.LL_RCC_GetPLL3ClockFreq) for LL_RCC_GetPLL3ClockFreq
    stm32h7xx_ll_rcc.o(i.LL_RCC_GetLPUARTClockFreq) refers to stm32h7xx_ll_rcc.o(.constdata) for .constdata
    stm32h7xx_ll_rcc.o(i.LL_RCC_GetPLL1ClockFreq) refers to stm32h7xx_ll_rcc.o(i.LL_RCC_CalcPLLClockFreq) for LL_RCC_CalcPLLClockFreq
    stm32h7xx_ll_rcc.o(i.LL_RCC_GetPLL2ClockFreq) refers to stm32h7xx_ll_rcc.o(i.LL_RCC_CalcPLLClockFreq) for LL_RCC_CalcPLLClockFreq
    stm32h7xx_ll_rcc.o(i.LL_RCC_GetPLL3ClockFreq) refers to stm32h7xx_ll_rcc.o(i.LL_RCC_CalcPLLClockFreq) for LL_RCC_CalcPLLClockFreq
    stm32h7xx_ll_rcc.o(i.LL_RCC_GetQSPIClockFreq) refers to stm32h7xx_ll_rcc.o(i.LL_RCC_GetCLKPClockFreq) for LL_RCC_GetCLKPClockFreq
    stm32h7xx_ll_rcc.o(i.LL_RCC_GetQSPIClockFreq) refers to stm32h7xx_ll_rcc.o(i.RCC_GetSystemClockFreq) for RCC_GetSystemClockFreq
    stm32h7xx_ll_rcc.o(i.LL_RCC_GetQSPIClockFreq) refers to stm32h7xx_ll_rcc.o(i.LL_RCC_GetPLL1ClockFreq) for LL_RCC_GetPLL1ClockFreq
    stm32h7xx_ll_rcc.o(i.LL_RCC_GetQSPIClockFreq) refers to stm32h7xx_ll_rcc.o(i.LL_RCC_GetPLL2ClockFreq) for LL_RCC_GetPLL2ClockFreq
    stm32h7xx_ll_rcc.o(i.LL_RCC_GetQSPIClockFreq) refers to stm32h7xx_ll_rcc.o(.constdata) for .constdata
    stm32h7xx_ll_rcc.o(i.LL_RCC_GetRNGClockFreq) refers to stm32h7xx_ll_rcc.o(i.LL_RCC_GetPLL1ClockFreq) for LL_RCC_GetPLL1ClockFreq
    stm32h7xx_ll_rcc.o(i.LL_RCC_GetSAIClockFreq) refers to stm32h7xx_ll_rcc.o(i.LL_RCC_GetCLKPClockFreq) for LL_RCC_GetCLKPClockFreq
    stm32h7xx_ll_rcc.o(i.LL_RCC_GetSAIClockFreq) refers to stm32h7xx_ll_rcc.o(i.LL_RCC_GetPLL1ClockFreq) for LL_RCC_GetPLL1ClockFreq
    stm32h7xx_ll_rcc.o(i.LL_RCC_GetSAIClockFreq) refers to stm32h7xx_ll_rcc.o(i.LL_RCC_GetPLL2ClockFreq) for LL_RCC_GetPLL2ClockFreq
    stm32h7xx_ll_rcc.o(i.LL_RCC_GetSAIClockFreq) refers to stm32h7xx_ll_rcc.o(i.LL_RCC_GetPLL3ClockFreq) for LL_RCC_GetPLL3ClockFreq
    stm32h7xx_ll_rcc.o(i.LL_RCC_GetSDMMCClockFreq) refers to stm32h7xx_ll_rcc.o(i.LL_RCC_GetPLL2ClockFreq) for LL_RCC_GetPLL2ClockFreq
    stm32h7xx_ll_rcc.o(i.LL_RCC_GetSDMMCClockFreq) refers to stm32h7xx_ll_rcc.o(i.LL_RCC_GetPLL1ClockFreq) for LL_RCC_GetPLL1ClockFreq
    stm32h7xx_ll_rcc.o(i.LL_RCC_GetSPDIFClockFreq) refers to stm32h7xx_ll_rcc.o(i.LL_RCC_GetPLL1ClockFreq) for LL_RCC_GetPLL1ClockFreq
    stm32h7xx_ll_rcc.o(i.LL_RCC_GetSPDIFClockFreq) refers to stm32h7xx_ll_rcc.o(i.LL_RCC_GetPLL2ClockFreq) for LL_RCC_GetPLL2ClockFreq
    stm32h7xx_ll_rcc.o(i.LL_RCC_GetSPDIFClockFreq) refers to stm32h7xx_ll_rcc.o(i.LL_RCC_GetPLL3ClockFreq) for LL_RCC_GetPLL3ClockFreq
    stm32h7xx_ll_rcc.o(i.LL_RCC_GetSPIClockFreq) refers to stm32h7xx_ll_rcc.o(i.LL_RCC_GetPLL2ClockFreq) for LL_RCC_GetPLL2ClockFreq
    stm32h7xx_ll_rcc.o(i.LL_RCC_GetSPIClockFreq) refers to stm32h7xx_ll_rcc.o(i.LL_RCC_GetPLL3ClockFreq) for LL_RCC_GetPLL3ClockFreq
    stm32h7xx_ll_rcc.o(i.LL_RCC_GetSPIClockFreq) refers to stm32h7xx_ll_rcc.o(i.LL_RCC_GetCLKPClockFreq) for LL_RCC_GetCLKPClockFreq
    stm32h7xx_ll_rcc.o(i.LL_RCC_GetSPIClockFreq) refers to stm32h7xx_ll_rcc.o(i.LL_RCC_GetPLL1ClockFreq) for LL_RCC_GetPLL1ClockFreq
    stm32h7xx_ll_rcc.o(i.LL_RCC_GetSPIClockFreq) refers to stm32h7xx_ll_rcc.o(i.RCC_GetSystemClockFreq) for RCC_GetSystemClockFreq
    stm32h7xx_ll_rcc.o(i.LL_RCC_GetSPIClockFreq) refers to stm32h7xx_ll_rcc.o(.constdata) for .constdata
    stm32h7xx_ll_rcc.o(i.LL_RCC_GetSWPClockFreq) refers to stm32h7xx_ll_rcc.o(i.RCC_GetSystemClockFreq) for RCC_GetSystemClockFreq
    stm32h7xx_ll_rcc.o(i.LL_RCC_GetSWPClockFreq) refers to stm32h7xx_ll_rcc.o(.constdata) for .constdata
    stm32h7xx_ll_rcc.o(i.LL_RCC_GetSystemClocksFreq) refers to stm32h7xx_ll_rcc.o(i.RCC_GetSystemClockFreq) for RCC_GetSystemClockFreq
    stm32h7xx_ll_rcc.o(i.LL_RCC_GetSystemClocksFreq) refers to stm32h7xx_ll_rcc.o(.constdata) for .constdata
    stm32h7xx_ll_rcc.o(i.LL_RCC_GetUSARTClockFreq) refers to stm32h7xx_ll_rcc.o(i.LL_RCC_GetPLL2ClockFreq) for LL_RCC_GetPLL2ClockFreq
    stm32h7xx_ll_rcc.o(i.LL_RCC_GetUSARTClockFreq) refers to stm32h7xx_ll_rcc.o(i.LL_RCC_GetPLL3ClockFreq) for LL_RCC_GetPLL3ClockFreq
    stm32h7xx_ll_rcc.o(i.LL_RCC_GetUSARTClockFreq) refers to stm32h7xx_ll_rcc.o(i.RCC_GetSystemClockFreq) for RCC_GetSystemClockFreq
    stm32h7xx_ll_rcc.o(i.LL_RCC_GetUSARTClockFreq) refers to stm32h7xx_ll_rcc.o(.constdata) for .constdata
    stm32h7xx_ll_rcc.o(i.LL_RCC_GetUSBClockFreq) refers to stm32h7xx_ll_rcc.o(i.LL_RCC_GetPLL1ClockFreq) for LL_RCC_GetPLL1ClockFreq
    stm32h7xx_ll_rcc.o(i.LL_RCC_GetUSBClockFreq) refers to stm32h7xx_ll_rcc.o(i.LL_RCC_GetPLL3ClockFreq) for LL_RCC_GetPLL3ClockFreq
    stm32h7xx_ll_rcc.o(i.RCC_GetSystemClockFreq) refers to stm32h7xx_ll_rcc.o(i.LL_RCC_GetPLL1ClockFreq) for LL_RCC_GetPLL1ClockFreq
    stm32h7xx_ll_utils.o(i.LL_PLL_ConfigSystemClock_HSE) refers to stm32h7xx_ll_utils.o(i.UTILS_EnablePLLAndSwitchSystem) for UTILS_EnablePLLAndSwitchSystem
    stm32h7xx_ll_utils.o(i.LL_PLL_ConfigSystemClock_HSI) refers to stm32h7xx_ll_utils.o(i.UTILS_EnablePLLAndSwitchSystem) for UTILS_EnablePLLAndSwitchSystem
    stm32h7xx_ll_utils.o(i.LL_SetSystemCoreClock) refers to system_stm32h7xx.o(.data) for SystemCoreClock
    stm32h7xx_ll_utils.o(i.LL_SetSystemCoreClock) refers to system_stm32h7xx_1.o(.data) for SystemCoreClock
    stm32h7xx_ll_utils.o(i.UTILS_EnablePLLAndSwitchSystem) refers to stm32h7xx_ll_utils.o(i.LL_SetFlashLatency) for LL_SetFlashLatency
    stm32h7xx_ll_utils.o(i.UTILS_EnablePLLAndSwitchSystem) refers to system_stm32h7xx.o(.data) for SystemD2Clock
    stm32h7xx_ll_utils.o(i.UTILS_EnablePLLAndSwitchSystem) refers to system_stm32h7xx_1.o(.data) for SystemD2Clock
    stm32h7xx_ll_utils.o(i.UTILS_EnablePLLAndSwitchSystem) refers to stm32h7xx_ll_rcc.o(.constdata) for LL_RCC_PrescTable
    stm32h7xx_ll_utils.o(i.UTILS_EnablePLLAndSwitchSystem) refers to system_stm32h7xx.o(.constdata) for D1CorePrescTable
    stm32h7xx_ll_utils.o(i.UTILS_EnablePLLAndSwitchSystem) refers to system_stm32h7xx_1.o(.constdata) for D1CorePrescTable
    stm32h7xx_ll_usart.o(i.LL_USART_Init) refers to stm32h7xx_ll_rcc.o(i.LL_RCC_GetUSARTClockFreq) for LL_RCC_GetUSARTClockFreq
    stm32h7xx_ll_usart.o(i.LL_USART_Init) refers to stm32h7xx_ll_usart.o(.constdata) for .constdata
    system_stm32h7xx_1.o(i.SystemCoreClockUpdate) refers to system_stm32h7xx_1.o(.constdata) for .constdata
    system_stm32h7xx_1.o(i.SystemCoreClockUpdate) refers to system_stm32h7xx_1.o(.data) for .data
    tjc_usart.o(i.DMA_USART1_UART_Init) refers to tjc_usart.o(.constdata) for .constdata
    tjc_usart.o(i.TJC_DMA_SendCmd_s) refers to strncpy.o(.text) for strncpy
    tjc_usart.o(i.TJC_DMA_SendCmd_s) refers to vsprintf.o(.text) for vsprintf
    tjc_usart.o(i.TJC_DMA_SendCmd_s) refers to strlen.o(.text) for strlen
    tjc_usart.o(i.TJC_DMA_SendCmd_s) refers to tjc_usart.o(.ARM.__at_0x24000000) for .ARM.__at_0x24000000
    tjc_usart.o(i.TJC_DMA_SendCmd_s) refers to tjc_usart.o(.data) for .data
    tjc_usart.o(i.TJC_DMA_SendCmd_s) refers to tjc_usart.o(.constdata) for .constdata
    tjc_usart.o(i.TJC_DMA_SendCmd_sp) refers to strlen.o(.text) for strlen
    tjc_usart.o(i.TJC_DMA_SendCmd_sp) refers to strncpy.o(.text) for strncpy
    tjc_usart.o(i.TJC_DMA_SendCmd_sp) refers to tjc_usart.o(.data) for .data
    tjc_usart.o(i.TJC_DMA_SendCmd_sp) refers to tjc_usart.o(.ARM.__at_0x24000000) for .ARM.__at_0x24000000
    tjc_usart.o(i.TJC_DMA_SendCmd_sp) refers to tjc_usart.o(.constdata) for .constdata
    tjc_usart.o(i.TJC_DMA_SendString_n) refers to strncpy.o(.text) for strncpy
    tjc_usart.o(i.TJC_DMA_SendString_n) refers to tjc_usart.o(.ARM.__at_0x24000000) for .ARM.__at_0x24000000
    tjc_usart.o(i.TJC_DMA_SendString_n) refers to tjc_usart.o(.constdata) for .constdata
    tjc_usart.o(i.TJC_DMA_SendString_s) refers to vsprintf.o(.text) for vsprintf
    tjc_usart.o(i.TJC_DMA_SendString_s) refers to strlen.o(.text) for strlen
    tjc_usart.o(i.TJC_DMA_SendString_s) refers to tjc_usart.o(.ARM.__at_0x24000000) for .ARM.__at_0x24000000
    tjc_usart.o(i.TJC_DMA_SendString_s) refers to tjc_usart.o(.constdata) for .constdata
    tjc_usart.o(i.TJC_DMA_SendString_sp) refers to strlen.o(.text) for strlen
    tjc_usart.o(i.TJC_DMA_SendString_sp) refers to strncpy.o(.text) for strncpy
    tjc_usart.o(i.TJC_DMA_SendString_sp) refers to tjc_usart.o(.ARM.__at_0x24000000) for .ARM.__at_0x24000000
    tjc_usart.o(i.TJC_DMA_SendString_sp) refers to tjc_usart.o(.constdata) for .constdata
    tjc_usart.o(i.TJC_DMA_SendTxt_MAIN_n) refers to _printf_percent.o(.ARM.Collect$$_printf_percent$$00000000) for _printf_percent
    tjc_usart.o(i.TJC_DMA_SendTxt_MAIN_n) refers to _printf_d.o(.ARM.Collect$$_printf_percent$$00000009) for _printf_d
    tjc_usart.o(i.TJC_DMA_SendTxt_MAIN_n) refers to _printf_dec.o(.text) for _printf_int_dec
    tjc_usart.o(i.TJC_DMA_SendTxt_MAIN_n) refers to __2sprintf.o(.text) for __2sprintf
    tjc_usart.o(i.TJC_DMA_SendTxt_MAIN_n) refers to strlen.o(.text) for strlen
    tjc_usart.o(i.TJC_DMA_SendTxt_MAIN_n) refers to strncpy.o(.text) for strncpy
    tjc_usart.o(i.TJC_DMA_SendTxt_MAIN_n) refers to tjc_usart.o(.constdata) for .constdata
    tjc_usart.o(i.TJC_DMA_SendTxt_MAIN_n) refers to tjc_usart.o(.ARM.__at_0x24000000) for .ARM.__at_0x24000000
    tjc_usart.o(i.TJC_DMA_SendTxt_MAIN_n) refers to tjc_usart.o(.data) for .data
    tjc_usart.o(i.TJC_DMA_SendTxt_MAIN_s) refers to _printf_percent.o(.ARM.Collect$$_printf_percent$$00000000) for _printf_percent
    tjc_usart.o(i.TJC_DMA_SendTxt_MAIN_s) refers to _printf_d.o(.ARM.Collect$$_printf_percent$$00000009) for _printf_d
    tjc_usart.o(i.TJC_DMA_SendTxt_MAIN_s) refers to _printf_dec.o(.text) for _printf_int_dec
    tjc_usart.o(i.TJC_DMA_SendTxt_MAIN_s) refers to __2sprintf.o(.text) for __2sprintf
    tjc_usart.o(i.TJC_DMA_SendTxt_MAIN_s) refers to strlen.o(.text) for strlen
    tjc_usart.o(i.TJC_DMA_SendTxt_MAIN_s) refers to vsprintf.o(.text) for vsprintf
    tjc_usart.o(i.TJC_DMA_SendTxt_MAIN_s) refers to strncpy.o(.text) for strncpy
    tjc_usart.o(i.TJC_DMA_SendTxt_MAIN_s) refers to tjc_usart.o(.constdata) for .constdata
    tjc_usart.o(i.TJC_DMA_SendTxt_MAIN_s) refers to tjc_usart.o(.ARM.__at_0x24000000) for .ARM.__at_0x24000000
    tjc_usart.o(i.TJC_DMA_SendTxt_MAIN_s) refers to tjc_usart.o(.data) for .data
    tjc_usart.o(i.TJC_DMA_SendTxt_SHOW_n) refers to _printf_percent.o(.ARM.Collect$$_printf_percent$$00000000) for _printf_percent
    tjc_usart.o(i.TJC_DMA_SendTxt_SHOW_n) refers to _printf_d.o(.ARM.Collect$$_printf_percent$$00000009) for _printf_d
    tjc_usart.o(i.TJC_DMA_SendTxt_SHOW_n) refers to _printf_dec.o(.text) for _printf_int_dec
    tjc_usart.o(i.TJC_DMA_SendTxt_SHOW_n) refers to __2sprintf.o(.text) for __2sprintf
    tjc_usart.o(i.TJC_DMA_SendTxt_SHOW_n) refers to strlen.o(.text) for strlen
    tjc_usart.o(i.TJC_DMA_SendTxt_SHOW_n) refers to strncpy.o(.text) for strncpy
    tjc_usart.o(i.TJC_DMA_SendTxt_SHOW_n) refers to tjc_usart.o(.constdata) for .constdata
    tjc_usart.o(i.TJC_DMA_SendTxt_SHOW_n) refers to tjc_usart.o(.ARM.__at_0x24000000) for .ARM.__at_0x24000000
    tjc_usart.o(i.TJC_DMA_SendTxt_SHOW_n) refers to tjc_usart.o(.data) for .data
    tjc_usart.o(i.TJC_DMA_SendTxt_SHOW_s) refers to _printf_percent.o(.ARM.Collect$$_printf_percent$$00000000) for _printf_percent
    tjc_usart.o(i.TJC_DMA_SendTxt_SHOW_s) refers to _printf_d.o(.ARM.Collect$$_printf_percent$$00000009) for _printf_d
    tjc_usart.o(i.TJC_DMA_SendTxt_SHOW_s) refers to _printf_dec.o(.text) for _printf_int_dec
    tjc_usart.o(i.TJC_DMA_SendTxt_SHOW_s) refers to __2sprintf.o(.text) for __2sprintf
    tjc_usart.o(i.TJC_DMA_SendTxt_SHOW_s) refers to strlen.o(.text) for strlen
    tjc_usart.o(i.TJC_DMA_SendTxt_SHOW_s) refers to vsprintf.o(.text) for vsprintf
    tjc_usart.o(i.TJC_DMA_SendTxt_SHOW_s) refers to strncpy.o(.text) for strncpy
    tjc_usart.o(i.TJC_DMA_SendTxt_SHOW_s) refers to tjc_usart.o(.constdata) for .constdata
    tjc_usart.o(i.TJC_DMA_SendTxt_SHOW_s) refers to tjc_usart.o(.ARM.__at_0x24000000) for .ARM.__at_0x24000000
    tjc_usart.o(i.TJC_DMA_SendTxt_SHOW_s) refers to tjc_usart.o(.data) for .data
    tjc_usart.o(i.TJC_SendCmd_s) refers to vsprintf.o(.text) for vsprintf
    tjc_usart.o(i.TJC_SendCmd_s) refers to tjc_usart.o(i.TJC_SendString_n) for TJC_SendString_n
    tjc_usart.o(i.TJC_SendCmd_s) refers to tjc_usart.o(.bss) for .bss
    tjc_usart.o(i.TJC_SendCmd_s) refers to tjc_usart.o(.data) for .data
    tjc_usart.o(i.TJC_SendString_s) refers to vsprintf.o(.text) for vsprintf
    tjc_usart.o(i.TJC_SendString_s) refers to tjc_usart.o(.bss) for .bss
    tjc_usart.o(i.TJC_SendString_s) refers to tjc_usart.o(.data) for .data
    tjc_usart.o(i.TJC_SendTxt_MAIN_s) refers to tjc_usart.o(i.TJC_SendString_s) for TJC_SendString_s
    tjc_usart.o(i.TJC_SendTxt_MAIN_s) refers to vsprintf.o(.text) for vsprintf
    tjc_usart.o(i.TJC_SendTxt_MAIN_s) refers to tjc_usart.o(i.TJC_SendString_n) for TJC_SendString_n
    tjc_usart.o(i.TJC_SendTxt_MAIN_s) refers to tjc_usart.o(.data) for .data
    tjc_usart.o(i.TJC_SendTxt_MAIN_s) refers to tjc_usart.o(.bss) for .bss
    tjc_usart.o(i.TJC_SendTxt_SHOW_s) refers to tjc_usart.o(i.TJC_SendString_s) for TJC_SendString_s
    tjc_usart.o(i.TJC_SendTxt_SHOW_s) refers to vsprintf.o(.text) for vsprintf
    tjc_usart.o(i.TJC_SendTxt_SHOW_s) refers to tjc_usart.o(i.TJC_SendString_n) for TJC_SendString_n
    tjc_usart.o(i.TJC_SendTxt_SHOW_s) refers to tjc_usart.o(.bss) for .bss
    tjc_usart.o(i.TJC_SendTxt_SHOW_s) refers to tjc_usart.o(.data) for .data
    vsprintf.o(.text) refers (Special) to _printf_a.o(.ARM.Collect$$_printf_percent$$00000006) for _printf_a
    vsprintf.o(.text) refers (Special) to _printf_c.o(.ARM.Collect$$_printf_percent$$00000013) for _printf_c
    vsprintf.o(.text) refers (Special) to _printf_charcount.o(.text) for _printf_charcount
    vsprintf.o(.text) refers (Special) to _printf_d.o(.ARM.Collect$$_printf_percent$$00000009) for _printf_d
    vsprintf.o(.text) refers (Special) to _printf_e.o(.ARM.Collect$$_printf_percent$$00000004) for _printf_e
    vsprintf.o(.text) refers (Special) to _printf_f.o(.ARM.Collect$$_printf_percent$$00000003) for _printf_f
    vsprintf.o(.text) refers (Special) to printf1.o(x$fpl$printf1) for _printf_fp_dec
    vsprintf.o(.text) refers (Special) to printf2.o(x$fpl$printf2) for _printf_fp_hex
    vsprintf.o(.text) refers (Special) to _printf_g.o(.ARM.Collect$$_printf_percent$$00000005) for _printf_g
    vsprintf.o(.text) refers (Special) to _printf_i.o(.ARM.Collect$$_printf_percent$$00000008) for _printf_i
    vsprintf.o(.text) refers (Special) to _printf_dec.o(.text) for _printf_int_dec
    vsprintf.o(.text) refers (Special) to _printf_l.o(.ARM.Collect$$_printf_percent$$00000012) for _printf_l
    vsprintf.o(.text) refers (Special) to _printf_lc.o(.ARM.Collect$$_printf_percent$$00000015) for _printf_lc
    vsprintf.o(.text) refers (Special) to _printf_ll.o(.ARM.Collect$$_printf_percent$$00000007) for _printf_ll
    vsprintf.o(.text) refers (Special) to _printf_lld.o(.ARM.Collect$$_printf_percent$$0000000E) for _printf_lld
    vsprintf.o(.text) refers (Special) to _printf_lli.o(.ARM.Collect$$_printf_percent$$0000000D) for _printf_lli
    vsprintf.o(.text) refers (Special) to _printf_llo.o(.ARM.Collect$$_printf_percent$$00000010) for _printf_llo
    vsprintf.o(.text) refers (Special) to _printf_llu.o(.ARM.Collect$$_printf_percent$$0000000F) for _printf_llu
    vsprintf.o(.text) refers (Special) to _printf_llx.o(.ARM.Collect$$_printf_percent$$00000011) for _printf_llx
    vsprintf.o(.text) refers (Special) to _printf_longlong_dec.o(.text) for _printf_longlong_dec
    vsprintf.o(.text) refers (Special) to _printf_hex_int_ll_ptr.o(.text) for _printf_longlong_hex
    vsprintf.o(.text) refers (Special) to _printf_oct_int_ll.o(.text) for _printf_longlong_oct
    vsprintf.o(.text) refers (Special) to _printf_ls.o(.ARM.Collect$$_printf_percent$$00000016) for _printf_ls
    vsprintf.o(.text) refers (Special) to _printf_n.o(.ARM.Collect$$_printf_percent$$00000001) for _printf_n
    vsprintf.o(.text) refers (Special) to _printf_o.o(.ARM.Collect$$_printf_percent$$0000000B) for _printf_o
    vsprintf.o(.text) refers (Special) to _printf_p.o(.ARM.Collect$$_printf_percent$$00000002) for _printf_p
    vsprintf.o(.text) refers (Special) to _printf_percent.o(.ARM.Collect$$_printf_percent$$00000000) for _printf_percent
    vsprintf.o(.text) refers (Special) to _printf_pad.o(.text) for _printf_post_padding
    vsprintf.o(.text) refers (Special) to _printf_s.o(.ARM.Collect$$_printf_percent$$00000014) for _printf_s
    vsprintf.o(.text) refers (Special) to _printf_str.o(.text) for _printf_str
    vsprintf.o(.text) refers (Special) to _printf_truncate.o(.text) for _printf_truncate_signed
    vsprintf.o(.text) refers (Special) to _printf_u.o(.ARM.Collect$$_printf_percent$$0000000A) for _printf_u
    vsprintf.o(.text) refers (Special) to _printf_wctomb.o(.text) for _printf_wctomb
    vsprintf.o(.text) refers (Special) to _printf_x.o(.ARM.Collect$$_printf_percent$$0000000C) for _printf_x
    vsprintf.o(.text) refers to _printf_char_common.o(.text) for _printf_char_common
    vsprintf.o(.text) refers to _sputc.o(.text) for _sputc
    __2sprintf.o(.text) refers to _printf_char_common.o(.text) for _printf_char_common
    __2sprintf.o(.text) refers to _sputc.o(.text) for _sputc
    noretval__2sprintf.o(.text) refers to _printf_char_common.o(.text) for _printf_char_common
    noretval__2sprintf.o(.text) refers to _sputc.o(.text) for _sputc
    __printf.o(.text) refers to _printf_percent.o(.ARM.Collect$$_printf_percent$$00000000) for _printf_percent
    _printf_dec.o(.text) refers (Weak) to _printf_truncate.o(.text) for _printf_truncate_signed
    _printf_dec.o(.text) refers (Weak) to _printf_truncate.o(.text) for _printf_truncate_unsigned
    _printf_dec.o(.text) refers to _printf_intcommon.o(.text) for _printf_int_common
    __printf_flags.o(.text) refers to _printf_percent.o(.ARM.Collect$$_printf_percent$$00000000) for _printf_percent
    __printf_flags.o(.text) refers to __printf_flags.o(.constdata) for .constdata
    __printf_ss.o(.text) refers to _printf_percent.o(.ARM.Collect$$_printf_percent$$00000000) for _printf_percent
    __printf_flags_ss.o(.text) refers to _printf_percent.o(.ARM.Collect$$_printf_percent$$00000000) for _printf_percent
    __printf_flags_ss.o(.text) refers to __printf_flags_ss.o(.constdata) for .constdata
    __printf_wp.o(.text) refers to __printf_wp.o(i._is_digit) for _is_digit
    __printf_wp.o(.text) refers to _printf_percent.o(.ARM.Collect$$_printf_percent$$00000000) for _printf_percent
    __printf_flags_wp.o(.text) refers to __printf_wp.o(i._is_digit) for _is_digit
    __printf_flags_wp.o(.text) refers to _printf_percent.o(.ARM.Collect$$_printf_percent$$00000000) for _printf_percent
    __printf_flags_wp.o(.text) refers to __printf_flags_wp.o(.constdata) for .constdata
    __printf_ss_wp.o(.text) refers to __printf_wp.o(i._is_digit) for _is_digit
    __printf_ss_wp.o(.text) refers to _printf_percent.o(.ARM.Collect$$_printf_percent$$00000000) for _printf_percent
    __printf_flags_ss_wp.o(.text) refers to __printf_wp.o(i._is_digit) for _is_digit
    __printf_flags_ss_wp.o(.text) refers to _printf_percent.o(.ARM.Collect$$_printf_percent$$00000000) for _printf_percent
    __printf_flags_ss_wp.o(.text) refers to __printf_flags_ss_wp.o(.constdata) for .constdata
    _printf_d.o(.ARM.Collect$$_printf_percent$$00000009) refers (Weak) to _printf_dec.o(.text) for _printf_int_dec
    _printf_percent.o(.ARM.Collect$$_printf_percent$$00000000) refers (Special) to _printf_percent_end.o(.ARM.Collect$$_printf_percent$$00000017) for _printf_percent_end
    strncpy.o(.text) refers to rt_memclr.o(.text) for __aeabi_memclr
    __main.o(!!!main) refers to __rtentry.o(.ARM.Collect$$rtentry$$00000000) for __rt_entry
    __rtentry.o(.ARM.Collect$$rtentry$$00000000) refers (Special) to __rtentry2.o(.ARM.Collect$$rtentry$$0000000A) for __rt_entry_li
    __rtentry.o(.ARM.Collect$$rtentry$$00000000) refers (Special) to __rtentry2.o(.ARM.Collect$$rtentry$$0000000D) for __rt_entry_main
    __rtentry.o(.ARM.Collect$$rtentry$$00000000) refers (Special) to __rtentry2.o(.ARM.Collect$$rtentry$$0000000C) for __rt_entry_postli_1
    __rtentry.o(.ARM.Collect$$rtentry$$00000000) refers (Special) to __rtentry2.o(.ARM.Collect$$rtentry$$00000009) for __rt_entry_postsh_1
    __rtentry.o(.ARM.Collect$$rtentry$$00000000) refers (Special) to __rtentry2.o(.ARM.Collect$$rtentry$$00000002) for __rt_entry_presh_1
    __rtentry.o(.ARM.Collect$$rtentry$$00000000) refers (Special) to __rtentry4.o(.ARM.Collect$$rtentry$$00000004) for __rt_entry_sh
    _printf_str.o(.text) refers (Special) to _printf_char.o(.text) for _printf_cs_common
    _printf_str.o(.text) refers (Weak) to _printf_pad.o(.text) for _printf_pre_padding
    _printf_str.o(.text) refers (Weak) to _printf_pad.o(.text) for _printf_post_padding
    _printf_intcommon.o(.text) refers (Weak) to _printf_pad.o(.text) for _printf_pre_padding
    _printf_intcommon.o(.text) refers (Weak) to _printf_pad.o(.text) for _printf_pre_padding
    _printf_intcommon.o(.text) refers (Weak) to _printf_pad.o(.text) for _printf_post_padding
    _printf_char_common.o(.text) refers to __printf_flags_ss_wp.o(.text) for __printf
    _printf_wctomb.o(.text) refers (Special) to _printf_wchar.o(.text) for _printf_lcs_common
    _printf_wctomb.o(.text) refers to _wcrtomb.o(.text) for _wcrtomb
    _printf_wctomb.o(.text) refers (Weak) to _printf_pad.o(.text) for _printf_pre_padding
    _printf_wctomb.o(.text) refers (Weak) to _printf_pad.o(.text) for _printf_post_padding
    _printf_wctomb.o(.text) refers to _printf_wctomb.o(.constdata) for .constdata
    _printf_wctomb.o(.constdata) refers (Special) to _printf_wchar.o(.text) for _printf_lcs_common
    _printf_longlong_dec.o(.text) refers to lludiv10.o(.text) for _ll_udiv10
    _printf_longlong_dec.o(.text) refers to _printf_intcommon.o(.text) for _printf_int_common
    _printf_oct_ll.o(.text) refers to _printf_intcommon.o(.text) for _printf_int_common
    _printf_oct_int.o(.text) refers (Weak) to _printf_truncate.o(.text) for _printf_truncate_unsigned
    _printf_oct_int.o(.text) refers to _printf_intcommon.o(.text) for _printf_int_common
    _printf_oct_int_ll.o(.text) refers to _printf_intcommon.o(.text) for _printf_int_common
    _printf_oct_int_ll.o(.text) refers (Weak) to _printf_truncate.o(.text) for _printf_truncate_unsigned
    _printf_hex_ll.o(.text) refers to _printf_intcommon.o(.text) for _printf_int_common
    _printf_hex_ll.o(.text) refers to _printf_hex_ll.o(.constdata) for .constdata
    _printf_hex_int.o(.text) refers (Weak) to _printf_truncate.o(.text) for _printf_truncate_unsigned
    _printf_hex_int.o(.text) refers to _printf_intcommon.o(.text) for _printf_int_common
    _printf_hex_int.o(.text) refers to _printf_hex_int.o(.constdata) for .constdata
    _printf_hex_int_ll.o(.text) refers to _printf_intcommon.o(.text) for _printf_int_common
    _printf_hex_int_ll.o(.text) refers (Weak) to _printf_truncate.o(.text) for _printf_truncate_unsigned
    _printf_hex_int_ll.o(.text) refers to _printf_hex_int_ll.o(.constdata) for .constdata
    _printf_hex_ptr.o(.text) refers to _printf_intcommon.o(.text) for _printf_int_common
    _printf_hex_ptr.o(.text) refers to _printf_hex_ptr.o(.constdata) for .constdata
    _printf_hex_int_ptr.o(.text) refers to _printf_intcommon.o(.text) for _printf_int_common
    _printf_hex_int_ptr.o(.text) refers (Weak) to _printf_truncate.o(.text) for _printf_truncate_unsigned
    _printf_hex_int_ptr.o(.text) refers to _printf_hex_int_ptr.o(.constdata) for .constdata
    _printf_hex_ll_ptr.o(.text) refers to _printf_intcommon.o(.text) for _printf_int_common
    _printf_hex_ll_ptr.o(.text) refers to _printf_hex_ll_ptr.o(.constdata) for .constdata
    _printf_hex_int_ll_ptr.o(.text) refers to _printf_intcommon.o(.text) for _printf_int_common
    _printf_hex_int_ll_ptr.o(.text) refers (Weak) to _printf_truncate.o(.text) for _printf_truncate_unsigned
    _printf_hex_int_ll_ptr.o(.text) refers to _printf_hex_int_ll_ptr.o(.constdata) for .constdata
    _printf_c.o(.ARM.Collect$$_printf_percent$$00000013) refers (Weak) to _printf_char.o(.text) for _printf_char
    _printf_s.o(.ARM.Collect$$_printf_percent$$00000014) refers (Weak) to _printf_char.o(.text) for _printf_string
    _printf_n.o(.ARM.Collect$$_printf_percent$$00000001) refers (Weak) to _printf_charcount.o(.text) for _printf_charcount
    _printf_x.o(.ARM.Collect$$_printf_percent$$0000000C) refers (Weak) to _printf_hex_int_ll_ptr.o(.text) for _printf_int_hex
    _printf_p.o(.ARM.Collect$$_printf_percent$$00000002) refers (Weak) to _printf_hex_int_ll_ptr.o(.text) for _printf_hex_ptr
    _printf_o.o(.ARM.Collect$$_printf_percent$$0000000B) refers (Weak) to _printf_oct_int_ll.o(.text) for _printf_int_oct
    _printf_i.o(.ARM.Collect$$_printf_percent$$00000008) refers (Weak) to _printf_dec.o(.text) for _printf_int_dec
    _printf_u.o(.ARM.Collect$$_printf_percent$$0000000A) refers (Weak) to _printf_dec.o(.text) for _printf_int_dec
    _printf_f.o(.ARM.Collect$$_printf_percent$$00000003) refers (Weak) to printf1.o(x$fpl$printf1) for _printf_fp_dec
    _printf_e.o(.ARM.Collect$$_printf_percent$$00000004) refers (Weak) to printf1.o(x$fpl$printf1) for _printf_fp_dec
    _printf_g.o(.ARM.Collect$$_printf_percent$$00000005) refers (Weak) to printf1.o(x$fpl$printf1) for _printf_fp_dec
    _printf_a.o(.ARM.Collect$$_printf_percent$$00000006) refers (Weak) to printf2.o(x$fpl$printf2) for _printf_fp_hex
    _printf_lli.o(.ARM.Collect$$_printf_percent$$0000000D) refers (Special) to _printf_ll.o(.ARM.Collect$$_printf_percent$$00000007) for _printf_ll
    _printf_lli.o(.ARM.Collect$$_printf_percent$$0000000D) refers (Weak) to _printf_longlong_dec.o(.text) for _printf_longlong_dec
    _printf_lld.o(.ARM.Collect$$_printf_percent$$0000000E) refers (Special) to _printf_ll.o(.ARM.Collect$$_printf_percent$$00000007) for _printf_ll
    _printf_lld.o(.ARM.Collect$$_printf_percent$$0000000E) refers (Weak) to _printf_longlong_dec.o(.text) for _printf_longlong_dec
    _printf_llu.o(.ARM.Collect$$_printf_percent$$0000000F) refers (Special) to _printf_ll.o(.ARM.Collect$$_printf_percent$$00000007) for _printf_ll
    _printf_llu.o(.ARM.Collect$$_printf_percent$$0000000F) refers (Weak) to _printf_longlong_dec.o(.text) for _printf_longlong_dec
    _printf_lc.o(.ARM.Collect$$_printf_percent$$00000015) refers (Special) to _printf_l.o(.ARM.Collect$$_printf_percent$$00000012) for _printf_l
    _printf_lc.o(.ARM.Collect$$_printf_percent$$00000015) refers (Weak) to _printf_wchar.o(.text) for _printf_wchar
    _printf_ls.o(.ARM.Collect$$_printf_percent$$00000016) refers (Special) to _printf_l.o(.ARM.Collect$$_printf_percent$$00000012) for _printf_l
    _printf_ls.o(.ARM.Collect$$_printf_percent$$00000016) refers (Weak) to _printf_wchar.o(.text) for _printf_wstring
    _printf_llo.o(.ARM.Collect$$_printf_percent$$00000010) refers (Special) to _printf_ll.o(.ARM.Collect$$_printf_percent$$00000007) for _printf_ll
    _printf_llo.o(.ARM.Collect$$_printf_percent$$00000010) refers (Weak) to _printf_oct_int_ll.o(.text) for _printf_ll_oct
    _printf_llx.o(.ARM.Collect$$_printf_percent$$00000011) refers (Special) to _printf_ll.o(.ARM.Collect$$_printf_percent$$00000007) for _printf_ll
    _printf_llx.o(.ARM.Collect$$_printf_percent$$00000011) refers (Weak) to _printf_hex_int_ll_ptr.o(.text) for _printf_ll_hex
    rt_memclr.o(.text) refers to rt_memclr_w.o(.text) for _memset_w
    printf1.o(x$fpl$printf1) refers to _printf_fp_dec.o(.text) for _printf_fp_dec_real
    printf2.o(x$fpl$printf2) refers to _printf_fp_hex.o(.text) for _printf_fp_hex_real
    printf2b.o(x$fpl$printf2) refers to _printf_fp_hex.o(.text) for _printf_fp_hex_real
    __rtentry2.o(.ARM.Collect$$rtentry$$00000008) refers to boardinit2.o(.text) for _platform_post_stackheap_init
    __rtentry2.o(.ARM.Collect$$rtentry$$0000000A) refers to libinit.o(.ARM.Collect$$libinit$$00000000) for __rt_lib_init
    __rtentry2.o(.ARM.Collect$$rtentry$$0000000B) refers to boardinit3.o(.text) for _platform_post_lib_init
    __rtentry2.o(.ARM.Collect$$rtentry$$0000000D) refers to main.o(i.main) for main
    __rtentry2.o(.ARM.Collect$$rtentry$$0000000D) refers to exit.o(.text) for exit
    __rtentry2.o(.ARM.exidx) refers to __rtentry2.o(.ARM.Collect$$rtentry$$00000001) for .ARM.Collect$$rtentry$$00000001
    __rtentry2.o(.ARM.exidx) refers to __rtentry2.o(.ARM.Collect$$rtentry$$00000008) for .ARM.Collect$$rtentry$$00000008
    __rtentry2.o(.ARM.exidx) refers to __rtentry2.o(.ARM.Collect$$rtentry$$0000000A) for .ARM.Collect$$rtentry$$0000000A
    __rtentry2.o(.ARM.exidx) refers to __rtentry2.o(.ARM.Collect$$rtentry$$0000000B) for .ARM.Collect$$rtentry$$0000000B
    __rtentry2.o(.ARM.exidx) refers to __rtentry2.o(.ARM.Collect$$rtentry$$0000000D) for .ARM.Collect$$rtentry$$0000000D
    __rtentry4.o(.ARM.Collect$$rtentry$$00000004) refers to sys_stackheap_outer.o(.text) for __user_setup_stackheap
    __rtentry4.o(.ARM.exidx) refers to __rtentry4.o(.ARM.Collect$$rtentry$$00000004) for .ARM.Collect$$rtentry$$00000004
    _printf_fp_dec.o(.text) refers (Special) to usenofp.o(x$fpl$usenofp) for __I$use$fp
    _printf_fp_dec.o(.text) refers (Special) to lc_numeric_c.o(locale$$code) for _get_lc_numeric
    _printf_fp_dec.o(.text) refers to bigflt0.o(.text) for _btod_etento
    _printf_fp_dec.o(.text) refers to btod.o(CL$$btod_d2e) for _btod_d2e
    _printf_fp_dec.o(.text) refers to btod.o(CL$$btod_ediv) for _btod_ediv
    _printf_fp_dec.o(.text) refers to btod.o(CL$$btod_emul) for _btod_emul
    _printf_fp_dec.o(.text) refers to lludiv10.o(.text) for _ll_udiv10
    _printf_fp_dec.o(.text) refers to fpclassify.o(i.__ARM_fpclassify) for __ARM_fpclassify
    _printf_fp_dec.o(.text) refers to _printf_fp_infnan.o(.text) for _printf_fp_infnan
    _printf_fp_dec.o(.text) refers (Weak) to _printf_pad.o(.text) for _printf_pre_padding
    _printf_fp_dec.o(.text) refers (Weak) to _printf_pad.o(.text) for _printf_pre_padding
    _printf_fp_dec.o(.text) refers to rt_locale_intlibspace.o(.text) for __rt_locale
    _printf_fp_dec.o(.text) refers (Weak) to _printf_pad.o(.text) for _printf_post_padding
    _printf_fp_hex.o(.text) refers (Special) to usenofp.o(x$fpl$usenofp) for __I$use$fp
    _printf_fp_hex.o(.text) refers to fpclassify.o(i.__ARM_fpclassify) for __ARM_fpclassify
    _printf_fp_hex.o(.text) refers to _printf_fp_infnan.o(.text) for _printf_fp_infnan
    _printf_fp_hex.o(.text) refers (Weak) to _printf_pad.o(.text) for _printf_pre_padding
    _printf_fp_hex.o(.text) refers (Weak) to _printf_pad.o(.text) for _printf_pre_padding
    _printf_fp_hex.o(.text) refers (Weak) to _printf_pad.o(.text) for _printf_post_padding
    _printf_fp_hex.o(.text) refers to _printf_fp_hex.o(.constdata) for .constdata
    _printf_fp_hex.o(.constdata) refers (Special) to usenofp.o(x$fpl$usenofp) for __I$use$fp
    _printf_char.o(.text) refers (Weak) to _printf_str.o(.text) for _printf_str
    _printf_wchar.o(.text) refers (Weak) to _printf_wctomb.o(.text) for _printf_wctomb
    _wcrtomb.o(.text) refers to rt_ctype_table.o(.text) for __rt_ctype_table
    sys_stackheap_outer.o(.text) refers to libspace.o(.text) for __user_perproc_libspace
    sys_stackheap_outer.o(.text) refers to startup_stm32h743xx.o(.text) for __user_initial_stackheap
    rt_ctype_table.o(.text) refers to rt_locale_intlibspace.o(.text) for __rt_locale
    rt_ctype_table.o(.text) refers to lc_ctype_c.o(locale$$code) for _get_lc_ctype
    rt_locale.o(.text) refers to rt_locale.o(.bss) for __rt_locale_data
    rt_locale_intlibspace.o(.text) refers to libspace.o(.bss) for __libspace_start
    _printf_fp_infnan.o(.text) refers (Weak) to _printf_pad.o(.text) for _printf_pre_padding
    _printf_fp_infnan.o(.text) refers (Weak) to _printf_pad.o(.text) for _printf_post_padding
    bigflt0.o(.text) refers (Special) to usenofp.o(x$fpl$usenofp) for __I$use$fp
    bigflt0.o(.text) refers to btod.o(CL$$btod_emul) for _btod_emul
    bigflt0.o(.text) refers to btod.o(CL$$btod_ediv) for _btod_ediv
    bigflt0.o(.text) refers to bigflt0.o(.constdata) for .constdata
    bigflt0.o(.constdata) refers (Special) to usenofp.o(x$fpl$usenofp) for __I$use$fp
    btod.o(CL$$btod_d2e) refers (Special) to usenofp.o(x$fpl$usenofp) for __I$use$fp
    btod.o(CL$$btod_d2e) refers to btod.o(CL$$btod_d2e_norm_op1) for _d2e_norm_op1
    btod.o(CL$$btod_d2e_norm_op1) refers (Special) to usenofp.o(x$fpl$usenofp) for __I$use$fp
    btod.o(CL$$btod_d2e_norm_op1) refers to btod.o(CL$$btod_d2e_denorm_low) for _d2e_denorm_low
    btod.o(CL$$btod_d2e_denorm_low) refers (Special) to usenofp.o(x$fpl$usenofp) for __I$use$fp
    btod.o(CL$$btod_emul) refers (Special) to usenofp.o(x$fpl$usenofp) for __I$use$fp
    btod.o(CL$$btod_emul) refers to btod.o(CL$$btod_mult_common) for __btod_mult_common
    btod.o(CL$$btod_emul) refers to btod.o(CL$$btod_e2e) for _e2e
    btod.o(CL$$btod_ediv) refers (Special) to usenofp.o(x$fpl$usenofp) for __I$use$fp
    btod.o(CL$$btod_ediv) refers to btod.o(CL$$btod_div_common) for __btod_div_common
    btod.o(CL$$btod_ediv) refers to btod.o(CL$$btod_e2e) for _e2e
    btod.o(CL$$btod_emuld) refers (Special) to usenofp.o(x$fpl$usenofp) for __I$use$fp
    btod.o(CL$$btod_emuld) refers to btod.o(CL$$btod_mult_common) for __btod_mult_common
    btod.o(CL$$btod_emuld) refers to btod.o(CL$$btod_e2d) for _e2d
    btod.o(CL$$btod_edivd) refers (Special) to usenofp.o(x$fpl$usenofp) for __I$use$fp
    btod.o(CL$$btod_edivd) refers to btod.o(CL$$btod_div_common) for __btod_div_common
    btod.o(CL$$btod_edivd) refers to btod.o(CL$$btod_e2d) for _e2d
    btod.o(CL$$btod_e2e) refers (Special) to usenofp.o(x$fpl$usenofp) for __I$use$fp
    btod.o(CL$$btod_e2d) refers (Special) to usenofp.o(x$fpl$usenofp) for __I$use$fp
    btod.o(CL$$btod_e2d) refers to btod.o(CL$$btod_e2e) for _e2e
    btod.o(CL$$btod_mult_common) refers (Special) to usenofp.o(x$fpl$usenofp) for __I$use$fp
    btod.o(CL$$btod_div_common) refers (Special) to usenofp.o(x$fpl$usenofp) for __I$use$fp
    lc_numeric_c.o(locale$$data) refers (Special) to libinit2.o(.ARM.Collect$$libinit$$00000016) for __rt_lib_init_lc_numeric_2
    lc_numeric_c.o(locale$$code) refers (Special) to libinit2.o(.ARM.Collect$$libinit$$00000016) for __rt_lib_init_lc_numeric_2
    lc_numeric_c.o(locale$$code) refers to strcmpv7m_pel.o(.text) for strcmp
    lc_numeric_c.o(locale$$code) refers to lc_numeric_c.o(locale$$data) for __lcnum_c_name
    exit.o(.text) refers to rtexit.o(.ARM.Collect$$rtexit$$00000000) for __rt_exit
    libinit.o(.ARM.Collect$$libinit$$00000000) refers (Special) to libinit2.o(.ARM.Collect$$libinit$$0000002E) for __rt_lib_init_alloca_1
    libinit.o(.ARM.Collect$$libinit$$00000000) refers (Special) to libinit2.o(.ARM.Collect$$libinit$$0000002C) for __rt_lib_init_argv_1
    libinit.o(.ARM.Collect$$libinit$$00000000) refers (Special) to libinit2.o(.ARM.Collect$$libinit$$0000001B) for __rt_lib_init_atexit_1
    libinit.o(.ARM.Collect$$libinit$$00000000) refers (Special) to libinit2.o(.ARM.Collect$$libinit$$00000021) for __rt_lib_init_clock_1
    libinit.o(.ARM.Collect$$libinit$$00000000) refers (Special) to libinit2.o(.ARM.Collect$$libinit$$00000032) for __rt_lib_init_cpp_1
    libinit.o(.ARM.Collect$$libinit$$00000000) refers (Special) to libinit2.o(.ARM.Collect$$libinit$$00000030) for __rt_lib_init_exceptions_1
    libinit.o(.ARM.Collect$$libinit$$00000000) refers (Special) to libinit2.o(.ARM.Collect$$libinit$$00000001) for __rt_lib_init_fp_1
    libinit.o(.ARM.Collect$$libinit$$00000000) refers (Special) to libinit2.o(.ARM.Collect$$libinit$$0000001F) for __rt_lib_init_fp_trap_1
    libinit.o(.ARM.Collect$$libinit$$00000000) refers (Special) to libinit2.o(.ARM.Collect$$libinit$$00000023) for __rt_lib_init_getenv_1
    libinit.o(.ARM.Collect$$libinit$$00000000) refers (Special) to libinit2.o(.ARM.Collect$$libinit$$0000000A) for __rt_lib_init_heap_1
    libinit.o(.ARM.Collect$$libinit$$00000000) refers (Special) to libinit2.o(.ARM.Collect$$libinit$$00000011) for __rt_lib_init_lc_collate_1
    libinit.o(.ARM.Collect$$libinit$$00000000) refers (Special) to libinit2.o(.ARM.Collect$$libinit$$00000013) for __rt_lib_init_lc_ctype_1
    libinit.o(.ARM.Collect$$libinit$$00000000) refers (Special) to libinit2.o(.ARM.Collect$$libinit$$00000015) for __rt_lib_init_lc_monetary_1
    libinit.o(.ARM.Collect$$libinit$$00000000) refers (Special) to libinit2.o(.ARM.Collect$$libinit$$00000017) for __rt_lib_init_lc_numeric_1
    libinit.o(.ARM.Collect$$libinit$$00000000) refers (Special) to libinit2.o(.ARM.Collect$$libinit$$00000019) for __rt_lib_init_lc_time_1
    libinit.o(.ARM.Collect$$libinit$$00000000) refers (Special) to libinit2.o(.ARM.Collect$$libinit$$00000004) for __rt_lib_init_preinit_1
    libinit.o(.ARM.Collect$$libinit$$00000000) refers (Special) to libinit2.o(.ARM.Collect$$libinit$$0000000E) for __rt_lib_init_rand_1
    libinit.o(.ARM.Collect$$libinit$$00000000) refers (Special) to libinit2.o(.ARM.Collect$$libinit$$00000033) for __rt_lib_init_return
    libinit.o(.ARM.Collect$$libinit$$00000000) refers (Special) to libinit2.o(.ARM.Collect$$libinit$$0000001D) for __rt_lib_init_signal_1
    libinit.o(.ARM.Collect$$libinit$$00000000) refers (Special) to libinit2.o(.ARM.Collect$$libinit$$00000025) for __rt_lib_init_stdio_1
    libinit.o(.ARM.Collect$$libinit$$00000000) refers (Special) to libinit2.o(.ARM.Collect$$libinit$$0000000C) for __rt_lib_init_user_alloc_1
    istatus.o(x$fpl$ieeestatus) refers (Special) to usenofp.o(x$fpl$usenofp) for __I$use$fp
    fpclassify.o(i.__ARM_fpclassify) refers (Special) to usenofp.o(x$fpl$usenofp) for __I$use$fp
    libspace.o(.text) refers to libspace.o(.bss) for __libspace_start
    rtexit.o(.ARM.Collect$$rtexit$$00000000) refers (Special) to rtexit2.o(.ARM.Collect$$rtexit$$00000004) for __rt_exit_exit
    rtexit.o(.ARM.Collect$$rtexit$$00000000) refers (Special) to rtexit2.o(.ARM.Collect$$rtexit$$00000003) for __rt_exit_ls
    rtexit.o(.ARM.Collect$$rtexit$$00000000) refers (Special) to rtexit2.o(.ARM.Collect$$rtexit$$00000002) for __rt_exit_prels_1
    rtexit.o(.ARM.exidx) refers (Special) to rtexit2.o(.ARM.Collect$$rtexit$$00000004) for __rt_exit_exit
    rtexit.o(.ARM.exidx) refers (Special) to rtexit2.o(.ARM.Collect$$rtexit$$00000003) for __rt_exit_ls
    rtexit.o(.ARM.exidx) refers (Special) to rtexit2.o(.ARM.Collect$$rtexit$$00000002) for __rt_exit_prels_1
    rtexit.o(.ARM.exidx) refers to rtexit.o(.ARM.Collect$$rtexit$$00000000) for .ARM.Collect$$rtexit$$00000000
    lc_ctype_c.o(locale$$data) refers (Special) to libinit2.o(.ARM.Collect$$libinit$$00000012) for __rt_lib_init_lc_ctype_2
    lc_ctype_c.o(locale$$code) refers (Special) to libinit2.o(.ARM.Collect$$libinit$$00000012) for __rt_lib_init_lc_ctype_2
    lc_ctype_c.o(locale$$code) refers to strcmpv7m_pel.o(.text) for strcmp
    lc_ctype_c.o(locale$$code) refers to lc_ctype_c.o(locale$$data) for __lcctype_c_name
    libinit2.o(.ARM.Collect$$libinit$$00000001) refers to fpinit.o(x$fpl$fpinit) for _fp_init
    libinit2.o(.ARM.Collect$$libinit$$0000000F) refers (Weak) to rt_locale_intlibspace.o(.text) for __rt_locale
    libinit2.o(.ARM.Collect$$libinit$$00000010) refers to libinit2.o(.ARM.Collect$$libinit$$0000000F) for .ARM.Collect$$libinit$$0000000F
    libinit2.o(.ARM.Collect$$libinit$$00000012) refers to libinit2.o(.ARM.Collect$$libinit$$0000000F) for .ARM.Collect$$libinit$$0000000F
    libinit2.o(.ARM.Collect$$libinit$$00000012) refers (Weak) to lc_ctype_c.o(locale$$code) for _get_lc_ctype
    libinit2.o(.ARM.Collect$$libinit$$00000014) refers to libinit2.o(.ARM.Collect$$libinit$$0000000F) for .ARM.Collect$$libinit$$0000000F
    libinit2.o(.ARM.Collect$$libinit$$00000016) refers to libinit2.o(.ARM.Collect$$libinit$$0000000F) for .ARM.Collect$$libinit$$0000000F
    libinit2.o(.ARM.Collect$$libinit$$00000016) refers (Weak) to lc_numeric_c.o(locale$$code) for _get_lc_numeric
    libinit2.o(.ARM.Collect$$libinit$$00000018) refers to libinit2.o(.ARM.Collect$$libinit$$0000000F) for .ARM.Collect$$libinit$$0000000F
    libinit2.o(.ARM.Collect$$libinit$$00000026) refers to argv_veneer.o(.emb_text) for __ARM_argv_veneer
    libinit2.o(.ARM.Collect$$libinit$$00000027) refers to argv_veneer.o(.emb_text) for __ARM_argv_veneer
    rtexit2.o(.ARM.Collect$$rtexit$$00000003) refers to libshutdown.o(.ARM.Collect$$libshutdown$$00000000) for __rt_lib_shutdown
    rtexit2.o(.ARM.Collect$$rtexit$$00000004) refers to sys_exit.o(.text) for _sys_exit
    rtexit2.o(.ARM.exidx) refers to rtexit2.o(.ARM.Collect$$rtexit$$00000001) for .ARM.Collect$$rtexit$$00000001
    rtexit2.o(.ARM.exidx) refers to rtexit2.o(.ARM.Collect$$rtexit$$00000003) for .ARM.Collect$$rtexit$$00000003
    rtexit2.o(.ARM.exidx) refers to rtexit2.o(.ARM.Collect$$rtexit$$00000004) for .ARM.Collect$$rtexit$$00000004
    argv_veneer.o(.emb_text) refers to no_argv.o(.text) for __ARM_get_argv
    sys_exit.o(.text) refers (Special) to use_no_semi.o(.text) for __I$use$semihosting
    sys_exit.o(.text) refers (Special) to indicate_semi.o(.text) for __semihosting_library_function
    _get_argv_nomalloc.o(.text) refers (Special) to hrguard.o(.text) for __heap_region$guard
    _get_argv_nomalloc.o(.text) refers to defsig_rtmem_outer.o(.text) for __rt_SIGRTMEM
    _get_argv_nomalloc.o(.text) refers to sys_command.o(.text) for _sys_command_string
    libshutdown.o(.ARM.Collect$$libshutdown$$00000000) refers (Special) to libshutdown2.o(.ARM.Collect$$libshutdown$$00000002) for __rt_lib_shutdown_cpp_1
    libshutdown.o(.ARM.Collect$$libshutdown$$00000000) refers (Special) to libshutdown2.o(.ARM.Collect$$libshutdown$$00000007) for __rt_lib_shutdown_fp_trap_1
    libshutdown.o(.ARM.Collect$$libshutdown$$00000000) refers (Special) to libshutdown2.o(.ARM.Collect$$libshutdown$$0000000F) for __rt_lib_shutdown_heap_1
    libshutdown.o(.ARM.Collect$$libshutdown$$00000000) refers (Special) to libshutdown2.o(.ARM.Collect$$libshutdown$$00000010) for __rt_lib_shutdown_return
    libshutdown.o(.ARM.Collect$$libshutdown$$00000000) refers (Special) to libshutdown2.o(.ARM.Collect$$libshutdown$$0000000A) for __rt_lib_shutdown_signal_1
    libshutdown.o(.ARM.Collect$$libshutdown$$00000000) refers (Special) to libshutdown2.o(.ARM.Collect$$libshutdown$$00000004) for __rt_lib_shutdown_stdio_1
    libshutdown.o(.ARM.Collect$$libshutdown$$00000000) refers (Special) to libshutdown2.o(.ARM.Collect$$libshutdown$$0000000C) for __rt_lib_shutdown_user_alloc_1
    sys_command.o(.text) refers (Special) to use_no_semi.o(.text) for __I$use$semihosting
    sys_command.o(.text) refers (Special) to indicate_semi.o(.text) for __semihosting_library_function
    defsig_rtmem_outer.o(.text) refers to defsig_rtmem_inner.o(.text) for __rt_SIGRTMEM_inner
    defsig_rtmem_outer.o(.text) refers to defsig_exit.o(.text) for __sig_exit
    defsig_rtmem_formal.o(.text) refers to rt_raise.o(.text) for __rt_raise
    rt_raise.o(.text) refers to __raise.o(.text) for __raise
    rt_raise.o(.text) refers to sys_exit.o(.text) for _sys_exit
    defsig_exit.o(.text) refers to sys_exit.o(.text) for _sys_exit
    defsig_rtmem_inner.o(.text) refers to defsig_general.o(.text) for __default_signal_display
    __raise.o(.text) refers to defsig.o(CL$$defsig) for __default_signal_handler
    defsig_general.o(.text) refers to sys_wrch.o(.text) for _ttywrch
    sys_wrch.o(.text) refers (Special) to use_no_semi.o(.text) for __I$use$semihosting
    sys_wrch.o(.text) refers (Special) to indicate_semi.o(.text) for __semihosting_library_function
    defsig.o(CL$$defsig) refers to defsig_rtmem_inner.o(.text) for __rt_SIGRTMEM_inner
    defsig_abrt_inner.o(.text) refers to defsig_general.o(.text) for __default_signal_display
    defsig_fpe_inner.o(.text) refers to defsig_general.o(.text) for __default_signal_display
    defsig_rtred_inner.o(.text) refers to defsig_general.o(.text) for __default_signal_display
    defsig_stak_inner.o(.text) refers to defsig_general.o(.text) for __default_signal_display
    defsig_pvfn_inner.o(.text) refers to defsig_general.o(.text) for __default_signal_display
    defsig_cppl_inner.o(.text) refers to defsig_general.o(.text) for __default_signal_display
    defsig_segv_inner.o(.text) refers to defsig_general.o(.text) for __default_signal_display
    defsig_other.o(.text) refers to defsig_general.o(.text) for __default_signal_display
    bsp_timer.o(i.Get_SystemTimer) refers to bsp_timer.o(.data) for .data
    bsp_timer.o(i.Update_SystemTick) refers to bsp_timer.o(.data) for .data
    bsp_timer.o(i.delay_us) refers to bsp_timer.o(.data) for .data
    bsp_timer.o(i.delay_ms) refers to bsp_timer.o(.data) for .data
    tjc_usart.o(i.TJC_PagaInit) refers to tjc_usart.o(i.TJC_DMA_SendCmd_s) for TJC_DMA_SendCmd_s
    tjc_usart.o(i.TJC_PagaInit) refers to tjc_usart.o(.conststring) for .conststring
    tjc_usart.o(i.TJC_SendString_n) refers to tjc_usart.o(.data) for .data
    tjc_usart.o(i.TJC_SendString_sp) refers to tjc_usart.o(.data) for .data
    tjc_usart.o(i.TJC_SendCmd_sp) refers to tjc_usart.o(i.TJC_SendString_n) for TJC_SendString_n
    tjc_usart.o(i.TJC_SendCmd_sp) refers to tjc_usart.o(.conststring) for .conststring
    tjc_usart.o(i.TJC_SendCmd_sp) refers to tjc_usart.o(.data) for .data
    tjc_usart.o(i.TJC_SendTxt_MAIN_n) refers to tjc_usart.o(i.TJC_SendString_s) for TJC_SendString_s
    tjc_usart.o(i.TJC_SendTxt_MAIN_n) refers to tjc_usart.o(i.TJC_SendString_n) for TJC_SendString_n
    tjc_usart.o(i.TJC_SendTxt_MAIN_n) refers to tjc_usart.o(.conststring) for .conststring
    tjc_usart.o(i.TJC_SendTxt_MAIN_n) refers to tjc_usart.o(.data) for .data
    tjc_usart.o(i.TJC_SendTxt_SHOW_n) refers to tjc_usart.o(i.TJC_SendString_s) for TJC_SendString_s
    tjc_usart.o(i.TJC_SendTxt_SHOW_n) refers to tjc_usart.o(i.TJC_SendString_n) for TJC_SendString_n
    tjc_usart.o(i.TJC_SendTxt_SHOW_n) refers to tjc_usart.o(.conststring) for .conststring

